Archive member included to satisfy reference by file (symbol)

d:/program files/microchip/xc8/v3.00/avr/bin/../lib/gcc/avr/5.4.0/avrxmega2/memx-const/mapped\libgcc.a(_copy_data.o)
                              build/default/debug/mcc_generated_files/system/src/config_bits.o (__do_copy_data)
d:/program files/microchip/xc8/v3.00/avr/bin/../lib/gcc/avr/5.4.0/../../../../avr/lib/avrxmega2/memx-const/mapped\libc.a(exit.o)
                              D:/Program Files/Microchip/MPLABX/v6.20/packs/Microchip/AVR-Dx_DFP/2.4.286/xc8/avr/lib/avrxmega2/memx-const/mapped/crtavr64dd32.o (exit)
d:/program files/microchip/xc8/v3.00/avr/bin/../lib/gcc/avr/5.4.0/../../../../avr/lib/avrxmega2/memx-const/mapped\libc.a(__sio_sprintf_doux.o)
                              build/default/debug/main.o (_sprintf_cdopuxX)
d:/program files/microchip/xc8/v3.00/avr/bin/../lib/gcc/avr/5.4.0/../../../../avr/lib/avrxmega2/memx-const/mapped\libc.a(__fmt_d.o)
                              d:/program files/microchip/xc8/v3.00/avr/bin/../lib/gcc/avr/5.4.0/../../../../avr/lib/avrxmega2/memx-const/mapped\libc.a(__sio_sprintf_doux.o) (__fmt_d_needed)
d:/program files/microchip/xc8/v3.00/avr/bin/../lib/gcc/avr/5.4.0/../../../../avr/lib/avrxmega2/memx-const/mapped\libc.a(__fmt_o.o)
                              d:/program files/microchip/xc8/v3.00/avr/bin/../lib/gcc/avr/5.4.0/../../../../avr/lib/avrxmega2/memx-const/mapped\libc.a(__sio_sprintf_doux.o) (__fmt_o_needed)
d:/program files/microchip/xc8/v3.00/avr/bin/../lib/gcc/avr/5.4.0/../../../../avr/lib/avrxmega2/memx-const/mapped\libc.a(__fmt_s.o)
                              d:/program files/microchip/xc8/v3.00/avr/bin/../lib/gcc/avr/5.4.0/../../../../avr/lib/avrxmega2/memx-const/mapped\libc.a(__sio_sprintf_doux.o) (__fmt_s_needed)
d:/program files/microchip/xc8/v3.00/avr/bin/../lib/gcc/avr/5.4.0/../../../../avr/lib/avrxmega2/memx-const/mapped\libc.a(__fmt_u.o)
                              d:/program files/microchip/xc8/v3.00/avr/bin/../lib/gcc/avr/5.4.0/../../../../avr/lib/avrxmega2/memx-const/mapped\libc.a(__fmt_d.o) (__cvt_u)
d:/program files/microchip/xc8/v3.00/avr/bin/../lib/gcc/avr/5.4.0/../../../../avr/lib/avrxmega2/memx-const/mapped\libc.a(__fmt_x.o)
                              d:/program files/microchip/xc8/v3.00/avr/bin/../lib/gcc/avr/5.4.0/../../../../avr/lib/avrxmega2/memx-const/mapped\libc.a(__sio_sprintf_doux.o) (__fmt_x_needed)
d:/program files/microchip/xc8/v3.00/avr/bin/../lib/gcc/avr/5.4.0/../../../../avr/lib/avrxmega2/memx-const/mapped\libc.a(__pop_int.o)
                              d:/program files/microchip/xc8/v3.00/avr/bin/../lib/gcc/avr/5.4.0/../../../../avr/lib/avrxmega2/memx-const/mapped\libc.a(__sio_sprintf_doux.o) (__pop_int_needed)
d:/program files/microchip/xc8/v3.00/avr/bin/../lib/gcc/avr/5.4.0/../../../../avr/lib/avrxmega2/memx-const/mapped\libc.a(__printf_core.o)
                              d:/program files/microchip/xc8/v3.00/avr/bin/../lib/gcc/avr/5.4.0/../../../../avr/lib/avrxmega2/memx-const/mapped\libc.a(__fmt_d.o) (__pad)
d:/program files/microchip/xc8/v3.00/avr/bin/../lib/gcc/avr/5.4.0/../../../../avr/lib/avrxmega2/memx-const/mapped\libc.a(fputc.o)
                              d:/program files/microchip/xc8/v3.00/avr/bin/../lib/gcc/avr/5.4.0/../../../../avr/lib/avrxmega2/memx-const/mapped\libc.a(__printf_core.o) (fputc)
d:/program files/microchip/xc8/v3.00/avr/bin/../lib/gcc/avr/5.4.0/../../../../avr/lib/avrxmega2/memx-const/mapped\libc.a(strlen.o)
                              d:/program files/microchip/xc8/v3.00/avr/bin/../lib/gcc/avr/5.4.0/../../../../avr/lib/avrxmega2/memx-const/mapped\libc.a(__fmt_s.o) (strlen)
d:/program files/microchip/xc8/v3.00/avr/bin/../lib/gcc/avr/5.4.0/../../../../avr/lib/avrxmega2/memx-const/mapped\libc.a(tolower.o)
                              d:/program files/microchip/xc8/v3.00/avr/bin/../lib/gcc/avr/5.4.0/../../../../avr/lib/avrxmega2/memx-const/mapped\libc.a(__printf_core.o) (tolower)
d:/program files/microchip/xc8/v3.00/avr/bin/../lib/gcc/avr/5.4.0/../../../../avr/lib/avrxmega2/memx-const/mapped\libc.a(toupper.o)
                              d:/program files/microchip/xc8/v3.00/avr/bin/../lib/gcc/avr/5.4.0/../../../../avr/lib/avrxmega2/memx-const/mapped\libc.a(__fmt_x.o) (toupper)
d:/program files/microchip/xc8/v3.00/avr/bin/../lib/gcc/avr/5.4.0/../../../../avr/lib/avrxmega2/memx-const/mapped\libc.a(errno.o)
                              d:/program files/microchip/xc8/v3.00/avr/bin/../lib/gcc/avr/5.4.0/../../../../avr/lib/avrxmega2/memx-const/mapped\libc.a(__printf_core.o) (__errno_val)
d:/program files/microchip/xc8/v3.00/avr/bin/../lib/gcc/avr/5.4.0/../../../../avr/lib/avrxmega2/memx-const/mapped\libc.a(_Exit.o)
                              d:/program files/microchip/xc8/v3.00/avr/bin/../lib/gcc/avr/5.4.0/../../../../avr/lib/avrxmega2/memx-const/mapped\libc.a(exit.o) (_Exit)
[...]
Memory Configuration

Name             Origin             Length             Attributes
text             0x0000000000000000 0x0000000000010000 xr
data             0x0000000000806000 0x0000000000002000 rw !x
eeprom           0x0000000000810000 0x0000000000000100 rw !x
fuse             0x0000000000820000 0x0000000000000010 rw !x
lock             0x0000000000830000 0x0000000000000400 rw !x
signature        0x0000000000840000 0x0000000000000400 rw !x
user_signatures  0x0000000000850000 0x0000000000000400 rw !x
bootrow          0x0000000000860000 0x0000000000000400 rw !x
*default*        0x0000000000000000 0xffffffffffffffff

Linker script and memory map

Address of section .data set to 0x806000
                0x0000000000008000                __RODATA_PM_OFFSET__ = 0x8000
LOAD D:/Program Files/Microchip/MPLABX/v6.20/packs/Microchip/AVR-Dx_DFP/2.4.286/xc8/avr/lib/avrxmega2/memx-const/mapped/crtavr64dd32.o
                0x0000000000000001                __MPLAB_BUILD = 0x1
LOAD build/default/debug/mcc_generated_files/adc/src/adc0.o
LOAD build/default/debug/mcc_generated_files/examples/UART_Example/uart_example.o
LOAD build/default/debug/mcc_generated_files/system/src/interrupt.o
LOAD build/default/debug/mcc_generated_files/system/src/clock.o
LOAD build/default/debug/mcc_generated_files/system/src/pins.o
LOAD build/default/debug/mcc_generated_files/system/src/config_bits.o
LOAD build/default/debug/mcc_generated_files/system/src/system.o
LOAD build/default/debug/mcc_generated_files/system/src/protected_io.o
LOAD build/default/debug/mcc_generated_files/timer/src/tcb0.o
LOAD build/default/debug/mcc_generated_files/uart/src/usart0.o
LOAD build/default/debug/mcc_generated_files/vref/src/vref.o
LOAD build/default/debug/main.o
START GROUP
LOAD d:/program files/microchip/xc8/v3.00/avr/bin/../lib/gcc/avr/5.4.0/../../../../avr/lib/avrxmega2/memx-const/mapped\libm.a
END GROUP
                0x0000000000000001                __MPLAB_DEBUG = 0x1
                0x0000000000000001                __DEBUG = 0x1
START GROUP
LOAD d:/program files/microchip/xc8/v3.00/avr/bin/../lib/gcc/avr/5.4.0/avrxmega2/memx-const/mapped\libgcc.a
LOAD d:/program files/microchip/xc8/v3.00/avr/bin/../lib/gcc/avr/5.4.0/../../../../avr/lib/avrxmega2/memx-const/mapped\libm.a
LOAD d:/program files/microchip/xc8/v3.00/avr/bin/../lib/gcc/avr/5.4.0/../../../../avr/lib/avrxmega2/memx-const/mapped\libc.a
LOAD D:/Program Files/Microchip/MPLABX/v6.20/packs/Microchip/AVR-Dx_DFP/2.4.286/xc8/avr/lib/avrxmega2/memx-const/mapped\libavr64dd32.a
END GROUP
                [0x0000000000000000]                __TEXT_REGION_ORIGIN__ = DEFINED (__TEXT_REGION_ORIGIN__)?__TEXT_REGION_ORIGIN__:0x0
                [0x0000000000806000]                __DATA_REGION_ORIGIN__ = DEFINED (__DATA_REGION_ORIGIN__)?__DATA_REGION_ORIGIN__:0x802000
                [0x0000000000010000]                __TEXT_REGION_LENGTH__ = DEFINED (__TEXT_REGION_LENGTH__)?__TEXT_REGION_LENGTH__:0x100000
                [0x0000000000002000]                __DATA_REGION_LENGTH__ = DEFINED (__DATA_REGION_LENGTH__)?__DATA_REGION_LENGTH__:0xffa0
                [0x0000000000000100]                __EEPROM_REGION_LENGTH__ = DEFINED (__EEPROM_REGION_LENGTH__)?__EEPROM_REGION_LENGTH__:0x10000
                [0x0000000000000010]                __FUSE_REGION_LENGTH__ = DEFINED (__FUSE_REGION_LENGTH__)?__FUSE_REGION_LENGTH__:0x400
                0x0000000000000400                __LOCK_REGION_LENGTH__ = DEFINED (__LOCK_REGION_LENGTH__)?__LOCK_REGION_LENGTH__:0x400
                0x0000000000000400                __SIGNATURE_REGION_LENGTH__ = DEFINED (__SIGNATURE_REGION_LENGTH__)?__SIGNATURE_REGION_LENGTH__:0x400
                0x0000000000000400                __USER_SIGNATURE_REGION_LENGTH__ = DEFINED (__USER_SIGNATURE_REGION_LENGTH__)?__USER_SIGNATURE_REGION_LENGTH__:0x400
                0x0000000000000400                __BOOTROW_REGION_LENGTH__ = DEFINED (__BOOTROW_REGION_LENGTH__)?__BOOTROW_REGION_LENGTH__:0x400

.hash
 *(.hash)

.dynsym
 *(.dynsym)

.dynstr
 *(.dynstr)

.gnu.version
 *(.gnu.version)

.gnu.version_d
 *(.gnu.version_d)

.gnu.version_r
 *(.gnu.version_r)

.rel.init
 *(.rel.init)

.rela.init
 *(.rela.init)

.rel.text
 *(.rel.text)
 *(.rel.text.*)
 *(.rel.gnu.linkonce.t*)

.rela.text
 *(.rela.text)
 *(.rela.text.*)
 *(.rela.gnu.linkonce.t*)

.rel.fini
 *(.rel.fini)

.rela.fini
 *(.rela.fini)

.rel.rodata
 *(.rel.rodata)
 *(.rel.rodata.*)
 *(.rel.gnu.linkonce.r*)

.rela.rodata
 *(.rela.rodata)
 *(.rela.rodata.*)
 *(.rela.gnu.linkonce.r*)

.rel.data
 *(.rel.data)
 *(.rel.data.*)
 *(.rel.gnu.linkonce.d*)

.rela.data
 *(.rela.data)
 *(.rela.data.*)
 *(.rela.gnu.linkonce.d*)

.rel.ctors
 *(.rel.ctors)

.rela.ctors
 *(.rela.ctors)

.rel.dtors
 *(.rel.dtors)

.rela.dtors
 *(.rela.dtors)

.rel.got
 *(.rel.got)

.rela.got
 *(.rela.got)

.rel.bss
 *(.rel.bss)

.rela.bss
 *(.rela.bss)

.rel.plt
 *(.rel.plt)

.rela.plt
 *(.rela.plt)

.text           0x0000000000000000      0x108
 *(.vectors)
 .vectors       0x0000000000000000       0x90 D:/Program Files/Microchip/MPLABX/v6.20/packs/Microchip/AVR-Dx_DFP/2.4.286/xc8/avr/lib/avrxmega2/memx-const/mapped/crtavr64dd32.o
                0x0000000000000000                __vector_default
                0x0000000000000000                __vectors
 *(.vectors)
 *(.progmem.gcc*)
 *(.dinit)
 .dinit         0x0000000000000090       0x11 data_init
                0x00000000000000a2                . = ALIGN (0x2)
 *fill*         0x00000000000000a1        0x1 
                0x00000000000000a2                __trampolines_start = .
 *(.trampolines)
 .trampolines   0x00000000000000a2        0x0 linker stubs
 *(.trampolines*)
                0x00000000000000a2                __trampolines_end = .
 *libprintf_flt.a:*(.progmem.data)
 *libc.a:*(.progmem.data)
                0x00000000000000a2                . = ALIGN (0x2)
 *(.jumptables)
 *(.jumptables*)
 *(.lowtext)
 *(.lowtext*)
                0x00000000000000a2                __ctors_start = .
 *(.ctors)
                0x00000000000000a2                __ctors_end = .
                0x00000000000000a2                __dtors_start = .
 *(.dtors)
                0x00000000000000a2                __dtors_end = .
 SORT(*)(.ctors)
 SORT(*)(.dtors)
 *(.init0)
 .init0         0x00000000000000a2        0x0 D:/Program Files/Microchip/MPLABX/v6.20/packs/Microchip/AVR-Dx_DFP/2.4.286/xc8/avr/lib/avrxmega2/memx-const/mapped/crtavr64dd32.o
                0x00000000000000a2                __init
 *(.init0)
 *(.init1)
 .init1         0x00000000000000a2       0x12 D:/Program Files/Microchip/MPLABX/v6.20/packs/Microchip/AVR-Dx_DFP/2.4.286/xc8/avr/lib/avrxmega2/memx-const/mapped/crtavr64dd32.o
 *(.init1)
 *(.init2)
 .init2         0x00000000000000b4        0xc D:/Program Files/Microchip/MPLABX/v6.20/packs/Microchip/AVR-Dx_DFP/2.4.286/xc8/avr/lib/avrxmega2/memx-const/mapped/crtavr64dd32.o
 *(.init2)
 *(.init3)
 *(.init3)
 *(.init4)
 .init4         0x00000000000000c0       0x3c d:/program files/microchip/xc8/v3.00/avr/bin/../lib/gcc/avr/5.4.0/avrxmega2/memx-const/mapped\libgcc.a(_copy_data.o)
                0x00000000000000c0                __do_copy_data
                0x00000000000000ee                __do_clear_bss
 *(.init4)
 *(.init5)
 *(.init5)
 *(.init6)
 *(.init6)
 *(.init7)
 *(.init7)
 *(.init8)
 *(.init8)
 *(.init9)
 .init9         0x00000000000000fc        0x8 D:/Program Files/Microchip/MPLABX/v6.20/packs/Microchip/AVR-Dx_DFP/2.4.286/xc8/avr/lib/avrxmega2/memx-const/mapped/crtavr64dd32.o
 *(.init9)
                0x0000000000000104                . = ALIGN (0x2)
 *(.fini9)
 .fini9         0x0000000000000104        0x0 d:/program files/microchip/xc8/v3.00/avr/bin/../lib/gcc/avr/5.4.0/avrxmega2/memx-const/mapped\libgcc.a(_exit.o)
                0x0000000000000104                _exit
 *(.fini9)
 *(.fini8)
 *(.fini8)
 *(.fini7)
 *(.fini7)
 *(.fini6)
 *(.fini6)
 *(.fini5)
 *(.fini5)
 *(.fini4)
 *(.fini4)
 *(.fini3)
 *(.fini3)
 *(.fini2)
 *(.fini2)
 *(.fini1)
 *(.fini1)
 *(.fini0)
 .fini0         0x0000000000000104        0x4 d:/program files/microchip/xc8/v3.00/avr/bin/../lib/gcc/avr/5.4.0/avrxmega2/memx-const/mapped\libgcc.a(_exit.o)
 *(.fini0)
                0x0000000000000108                _etext = .

.data           0x0000000000806000        0x0 load address 0x0000000000000108
                [!provide]                        PROVIDE (__data_start, .)
 *(.gnu.linkonce.d*)
 *(.gnu.linkonce.r*)
                0x0000000000806000                . = ALIGN (0x2)
                0x0000000000806000                _edata = .
                [!provide]                        PROVIDE (__data_end, .)

.bss            0x0000000000806000        0x2
                [!provide]                        PROVIDE (__bss_start, .)
 *(COMMON)
 COMMON         0x0000000000806000        0x2 d:/program files/microchip/xc8/v3.00/avr/bin/../lib/gcc/avr/5.4.0/../../../../avr/lib/avrxmega2/memx-const/mapped\libc.a(errno.o)
                0x0000000000806000                __errno_val
                [!provide]                        PROVIDE (__bss_end, .)
                0x0000000000000108                __data_load_start = LOADADDR (.data)
                0x0000000000000108                __data_load_end = (__data_load_start + SIZEOF (.data))

.noinit         0x0000000000806002        0x0
                [!provide]                        PROVIDE (__noinit_start, .)
 *(.noinit*)
                [!provide]                        PROVIDE (__noinit_end, .)
                0x0000000000806002                _end = .

.eeprom         0x0000000000810000        0x0
 *(.eeprom*)
                0x0000000000810000                __eeprom_end = .

.fuse           0x0000000000820000        0x9
 *(.fuse)
 .fuse          0x0000000000820000        0x9 build/default/debug/mcc_generated_files/system/src/config_bits.o
                0x0000000000820000                __fuse
 *(.lfuse)
 *(.hfuse)
 *(.efuse)

.lock
 *(.lock*)

.signature
 *(.signature*)

.user_signatures
 *(.user_signatures*)

.bootrow
 *(.bootrow*)

.stab
 *(.stab)

.stabstr
 *(.stabstr)

.stab.excl
 *(.stab.excl)

.stab.exclstr
 *(.stab.exclstr)

.stab.index
 *(.stab.index)

.stab.indexstr
 *(.stab.indexstr)

.comment        0x0000000000000000       0x5b
 *(.comment)
 .comment       0x0000000000000000       0x2f build/default/debug/mcc_generated_files/adc/src/adc0.o
                                         0x30 (size before relaxing)
 .comment       0x000000000000002f       0x30 build/default/debug/mcc_generated_files/system/src/interrupt.o
 .comment       0x000000000000002f       0x30 build/default/debug/mcc_generated_files/system/src/clock.o
 .comment       0x000000000000002f       0x30 build/default/debug/mcc_generated_files/system/src/pins.o
 .comment       0x000000000000002f       0x30 build/default/debug/mcc_generated_files/system/src/config_bits.o
 .comment       0x000000000000002f       0x30 build/default/debug/mcc_generated_files/system/src/system.o
 .comment       0x000000000000002f       0x30 build/default/debug/mcc_generated_files/timer/src/tcb0.o
 .comment       0x000000000000002f       0x30 build/default/debug/mcc_generated_files/uart/src/usart0.o
 .comment       0x000000000000002f       0x30 build/default/debug/mcc_generated_files/vref/src/vref.o
 .comment       0x000000000000002f       0x30 build/default/debug/main.o
 .comment       0x000000000000002f       0x2c d:/program files/microchip/xc8/v3.00/avr/bin/../lib/gcc/avr/5.4.0/../../../../avr/lib/avrxmega2/memx-const/mapped\libc.a(exit.o)
                                         0x2d (size before relaxing)
 .comment       0x000000000000005b       0x2d d:/program files/microchip/xc8/v3.00/avr/bin/../lib/gcc/avr/5.4.0/../../../../avr/lib/avrxmega2/memx-const/mapped\libc.a(__sio_sprintf_doux.o)
 .comment       0x000000000000005b       0x2d d:/program files/microchip/xc8/v3.00/avr/bin/../lib/gcc/avr/5.4.0/../../../../avr/lib/avrxmega2/memx-const/mapped\libc.a(__fmt_d.o)
 .comment       0x000000000000005b       0x2d d:/program files/microchip/xc8/v3.00/avr/bin/../lib/gcc/avr/5.4.0/../../../../avr/lib/avrxmega2/memx-const/mapped\libc.a(__fmt_o.o)
 .comment       0x000000000000005b       0x2d d:/program files/microchip/xc8/v3.00/avr/bin/../lib/gcc/avr/5.4.0/../../../../avr/lib/avrxmega2/memx-const/mapped\libc.a(__fmt_s.o)
 .comment       0x000000000000005b       0x2d d:/program files/microchip/xc8/v3.00/avr/bin/../lib/gcc/avr/5.4.0/../../../../avr/lib/avrxmega2/memx-const/mapped\libc.a(__fmt_u.o)
 .comment       0x000000000000005b       0x2d d:/program files/microchip/xc8/v3.00/avr/bin/../lib/gcc/avr/5.4.0/../../../../avr/lib/avrxmega2/memx-const/mapped\libc.a(__fmt_x.o)
 .comment       0x000000000000005b       0x2d d:/program files/microchip/xc8/v3.00/avr/bin/../lib/gcc/avr/5.4.0/../../../../avr/lib/avrxmega2/memx-const/mapped\libc.a(__pop_int.o)
 .comment       0x000000000000005b       0x2d d:/program files/microchip/xc8/v3.00/avr/bin/../lib/gcc/avr/5.4.0/../../../../avr/lib/avrxmega2/memx-const/mapped\libc.a(__printf_core.o)
 .comment       0x000000000000005b       0x2d d:/program files/microchip/xc8/v3.00/avr/bin/../lib/gcc/avr/5.4.0/../../../../avr/lib/avrxmega2/memx-const/mapped\libc.a(fputc.o)
 .comment       0x000000000000005b       0x2d d:/program files/microchip/xc8/v3.00/avr/bin/../lib/gcc/avr/5.4.0/../../../../avr/lib/avrxmega2/memx-const/mapped\libc.a(strlen.o)
 .comment       0x000000000000005b       0x2d d:/program files/microchip/xc8/v3.00/avr/bin/../lib/gcc/avr/5.4.0/../../../../avr/lib/avrxmega2/memx-const/mapped\libc.a(tolower.o)
 .comment       0x000000000000005b       0x2d d:/program files/microchip/xc8/v3.00/avr/bin/../lib/gcc/avr/5.4.0/../../../../avr/lib/avrxmega2/memx-const/mapped\libc.a(toupper.o)
 .comment       0x000000000000005b       0x2d d:/program files/microchip/xc8/v3.00/avr/bin/../lib/gcc/avr/5.4.0/../../../../avr/lib/avrxmega2/memx-const/mapped\libc.a(errno.o)
 .comment       0x000000000000005b       0x2d d:/program files/microchip/xc8/v3.00/avr/bin/../lib/gcc/avr/5.4.0/../../../../avr/lib/avrxmega2/memx-const/mapped\libc.a(_Exit.o)
 .comment       0x000000000000005b       0x2d d:/program files/microchip/xc8/v3.00/avr/bin/../lib/gcc/avr/5.4.0/../../../../avr/lib/avrxmega2/memx-const/mapped\libc.a(__int_vsprintf.o)
 .comment       0x000000000000005b       0x2d d:/program files/microchip/xc8/v3.00/avr/bin/../lib/gcc/avr/5.4.0/../../../../avr/lib/avrxmega2/memx-const/mapped\libc.a(__int_vsnprintf.o)
 .comment       0x000000000000005b       0x2d d:/program files/microchip/xc8/v3.00/avr/bin/../lib/gcc/avr/5.4.0/../../../../avr/lib/avrxmega2/memx-const/mapped\libc.a(__int_vfprintf.o)

.stack.descriptors.hdr
                0x0000000000000000      0x118
 .stack.descriptors.hdr
                0x0000000000000000        0xe d:/program files/microchip/xc8/v3.00/avr/bin/../lib/gcc/avr/5.4.0/../../../../avr/lib/avrxmega2/memx-const/mapped\libc.a(exit.o)
 .stack.descriptors.hdr
                0x000000000000000e        0xe d:/program files/microchip/xc8/v3.00/avr/bin/../lib/gcc/avr/5.4.0/../../../../avr/lib/avrxmega2/memx-const/mapped\libc.a(__sio_sprintf_doux.o)
 .stack.descriptors.hdr
                0x000000000000001c        0xe d:/program files/microchip/xc8/v3.00/avr/bin/../lib/gcc/avr/5.4.0/../../../../avr/lib/avrxmega2/memx-const/mapped\libc.a(__fmt_d.o)
 .stack.descriptors.hdr
                0x000000000000002a        0xe d:/program files/microchip/xc8/v3.00/avr/bin/../lib/gcc/avr/5.4.0/../../../../avr/lib/avrxmega2/memx-const/mapped\libc.a(__fmt_o.o)
 .stack.descriptors.hdr
                0x0000000000000038        0xe d:/program files/microchip/xc8/v3.00/avr/bin/../lib/gcc/avr/5.4.0/../../../../avr/lib/avrxmega2/memx-const/mapped\libc.a(__fmt_s.o)
 .stack.descriptors.hdr
                0x0000000000000046        0xe d:/program files/microchip/xc8/v3.00/avr/bin/../lib/gcc/avr/5.4.0/../../../../avr/lib/avrxmega2/memx-const/mapped\libc.a(__fmt_u.o)
 .stack.descriptors.hdr
                0x0000000000000054        0xe d:/program files/microchip/xc8/v3.00/avr/bin/../lib/gcc/avr/5.4.0/../../../../avr/lib/avrxmega2/memx-const/mapped\libc.a(__fmt_x.o)
 .stack.descriptors.hdr
                0x0000000000000062        0xe d:/program files/microchip/xc8/v3.00/avr/bin/../lib/gcc/avr/5.4.0/../../../../avr/lib/avrxmega2/memx-const/mapped\libc.a(__pop_int.o)
 .stack.descriptors.hdr
                0x0000000000000070        0xe d:/program files/microchip/xc8/v3.00/avr/bin/../lib/gcc/avr/5.4.0/../../../../avr/lib/avrxmega2/memx-const/mapped\libc.a(__printf_core.o)
 .stack.descriptors.hdr
                0x000000000000007e        0xe d:/program files/microchip/xc8/v3.00/avr/bin/../lib/gcc/avr/5.4.0/../../../../avr/lib/avrxmega2/memx-const/mapped\libc.a(fputc.o)
 .stack.descriptors.hdr
                0x000000000000008c        0xe d:/program files/microchip/xc8/v3.00/avr/bin/../lib/gcc/avr/5.4.0/../../../../avr/lib/avrxmega2/memx-const/mapped\libc.a(strlen.o)
 .stack.descriptors.hdr
                0x000000000000009a        0xe d:/program files/microchip/xc8/v3.00/avr/bin/../lib/gcc/avr/5.4.0/../../../../avr/lib/avrxmega2/memx-const/mapped\libc.a(tolower.o)
 .stack.descriptors.hdr
                0x00000000000000a8        0xe d:/program files/microchip/xc8/v3.00/avr/bin/../lib/gcc/avr/5.4.0/../../../../avr/lib/avrxmega2/memx-const/mapped\libc.a(toupper.o)
 .stack.descriptors.hdr
                0x00000000000000b6        0xe d:/program files/microchip/xc8/v3.00/avr/bin/../lib/gcc/avr/5.4.0/../../../../avr/lib/avrxmega2/memx-const/mapped\libc.a(errno.o)
 .stack.descriptors.hdr
                0x00000000000000c4        0xe d:/program files/microchip/xc8/v3.00/avr/bin/../lib/gcc/avr/5.4.0/../../../../avr/lib/avrxmega2/memx-const/mapped\libc.a(_Exit.o)
 .stack.descriptors.hdr
                0x00000000000000d2        0xe d:/program files/microchip/xc8/v3.00/avr/bin/../lib/gcc/avr/5.4.0/../../../../avr/lib/avrxmega2/memx-const/mapped\libc.a(__int_vsprintf.o)
 .stack.descriptors.hdr
                0x00000000000000e0        0xe d:/program files/microchip/xc8/v3.00/avr/bin/../lib/gcc/avr/5.4.0/../../../../avr/lib/avrxmega2/memx-const/mapped\libc.a(__int_vsnprintf.o)
 .stack.descriptors.hdr
                0x00000000000000ee        0xe d:/program files/microchip/xc8/v3.00/avr/bin/../lib/gcc/avr/5.4.0/../../../../avr/lib/avrxmega2/memx-const/mapped\libc.a(__int_vfprintf.o)
 .stack.descriptors.hdr
                0x00000000000000fc        0xe d:/program files/microchip/xc8/v3.00/avr/bin/../lib/gcc/avr/5.4.0/avrxmega2/memx-const/mapped\libgcc.a(_udivmodsi4.o)
 .stack.descriptors.hdr
                0x000000000000010a        0xe d:/program files/microchip/xc8/v3.00/avr/bin/../lib/gcc/avr/5.4.0/avrxmega2/memx-const/mapped\libgcc.a(_exit.o)

.note.GNU-stack
                0x0000000000000000        0x0
 .note.GNU-stack
                0x0000000000000000        0x0 d:/program files/microchip/xc8/v3.00/avr/bin/../lib/gcc/avr/5.4.0/../../../../avr/lib/avrxmega2/memx-const/mapped\libc.a(exit.o)
 .note.GNU-stack
                0x0000000000000000        0x0 d:/program files/microchip/xc8/v3.00/avr/bin/../lib/gcc/avr/5.4.0/../../../../avr/lib/avrxmega2/memx-const/mapped\libc.a(__sio_sprintf_doux.o)
 .note.GNU-stack
                0x0000000000000000        0x0 d:/program files/microchip/xc8/v3.00/avr/bin/../lib/gcc/avr/5.4.0/../../../../avr/lib/avrxmega2/memx-const/mapped\libc.a(__fmt_d.o)
 .note.GNU-stack
                0x0000000000000000        0x0 d:/program files/microchip/xc8/v3.00/avr/bin/../lib/gcc/avr/5.4.0/../../../../avr/lib/avrxmega2/memx-const/mapped\libc.a(__fmt_o.o)
 .note.GNU-stack
                0x0000000000000000        0x0 d:/program files/microchip/xc8/v3.00/avr/bin/../lib/gcc/avr/5.4.0/../../../../avr/lib/avrxmega2/memx-const/mapped\libc.a(__fmt_s.o)
 .note.GNU-stack
                0x0000000000000000        0x0 d:/program files/microchip/xc8/v3.00/avr/bin/../lib/gcc/avr/5.4.0/../../../../avr/lib/avrxmega2/memx-const/mapped\libc.a(__fmt_u.o)
 .note.GNU-stack
                0x0000000000000000        0x0 d:/program files/microchip/xc8/v3.00/avr/bin/../lib/gcc/avr/5.4.0/../../../../avr/lib/avrxmega2/memx-const/mapped\libc.a(__fmt_x.o)
 .note.GNU-stack
                0x0000000000000000        0x0 d:/program files/microchip/xc8/v3.00/avr/bin/../lib/gcc/avr/5.4.0/../../../../avr/lib/avrxmega2/memx-const/mapped\libc.a(__pop_int.o)
 .note.GNU-stack
                0x0000000000000000        0x0 d:/program files/microchip/xc8/v3.00/avr/bin/../lib/gcc/avr/5.4.0/../../../../avr/lib/avrxmega2/memx-const/mapped\libc.a(__printf_core.o)
 .note.GNU-stack
                0x0000000000000000        0x0 d:/program files/microchip/xc8/v3.00/avr/bin/../lib/gcc/avr/5.4.0/../../../../avr/lib/avrxmega2/memx-const/mapped\libc.a(fputc.o)
 .note.GNU-stack
                0x0000000000000000        0x0 d:/program files/microchip/xc8/v3.00/avr/bin/../lib/gcc/avr/5.4.0/../../../../avr/lib/avrxmega2/memx-const/mapped\libc.a(strlen.o)
 .note.GNU-stack
                0x0000000000000000        0x0 d:/program files/microchip/xc8/v3.00/avr/bin/../lib/gcc/avr/5.4.0/../../../../avr/lib/avrxmega2/memx-const/mapped\libc.a(tolower.o)
 .note.GNU-stack
                0x0000000000000000        0x0 d:/program files/microchip/xc8/v3.00/avr/bin/../lib/gcc/avr/5.4.0/../../../../avr/lib/avrxmega2/memx-const/mapped\libc.a(toupper.o)
 .note.GNU-stack
                0x0000000000000000        0x0 d:/program files/microchip/xc8/v3.00/avr/bin/../lib/gcc/avr/5.4.0/../../../../avr/lib/avrxmega2/memx-const/mapped\libc.a(errno.o)
 .note.GNU-stack
                0x0000000000000000        0x0 d:/program files/microchip/xc8/v3.00/avr/bin/../lib/gcc/avr/5.4.0/../../../../avr/lib/avrxmega2/memx-const/mapped\libc.a(_Exit.o)
 .note.GNU-stack
                0x0000000000000000        0x0 d:/program files/microchip/xc8/v3.00/avr/bin/../lib/gcc/avr/5.4.0/../../../../avr/lib/avrxmega2/memx-const/mapped\libc.a(__int_vsprintf.o)
 .note.GNU-stack
                0x0000000000000000        0x0 d:/program files/microchip/xc8/v3.00/avr/bin/../lib/gcc/avr/5.4.0/../../../../avr/lib/avrxmega2/memx-const/mapped\libc.a(__int_vsnprintf.o)
 .note.GNU-stack
                0x0000000000000000        0x0 d:/program files/microchip/xc8/v3.00/avr/bin/../lib/gcc/avr/5.4.0/../../../../avr/lib/avrxmega2/memx-const/mapped\libc.a(__int_vfprintf.o)

.note.gnu.build-id
 *(.note.gnu.build-id)

.debug
 *(.debug)

.line
 *(.line)

.debug_srcinfo
 *(.debug_srcinfo)

.debug_sfnames
 *(.debug_sfnames)

.debug_aranges  0x0000000000000000      0x400
 *(.debug_aranges)
 .debug_aranges
                0x0000000000000000      0x120 build/default/debug/mcc_generated_files/adc/src/adc0.o
 .debug_aranges
                0x0000000000000120       0x20 build/default/debug/mcc_generated_files/system/src/interrupt.o
 .debug_aranges
                0x0000000000000140       0x30 build/default/debug/mcc_generated_files/system/src/clock.o
 .debug_aranges
                0x0000000000000170       0x80 build/default/debug/mcc_generated_files/system/src/pins.o
 .debug_aranges
                0x00000000000001f0       0x18 build/default/debug/mcc_generated_files/system/src/config_bits.o
 .debug_aranges
                0x0000000000000208       0x20 build/default/debug/mcc_generated_files/system/src/system.o
 .debug_aranges
                0x0000000000000228       0x20 build/default/debug/mcc_generated_files/system/src/protected_io.o
 .debug_aranges
                0x0000000000000248       0x78 build/default/debug/mcc_generated_files/timer/src/tcb0.o
 .debug_aranges
                0x00000000000002c0       0xd8 build/default/debug/mcc_generated_files/uart/src/usart0.o
 .debug_aranges
                0x0000000000000398       0x20 build/default/debug/mcc_generated_files/vref/src/vref.o
 .debug_aranges
                0x00000000000003b8       0x48 build/default/debug/main.o

.debug_pubnames
 *(.debug_pubnames)

.debug_info     0x0000000000000000     0x8ffd
 *(.debug_info .gnu.linkonce.wi.*)
 .debug_info    0x0000000000000000     0x22a4 D:/Program Files/Microchip/MPLABX/v6.20/packs/Microchip/AVR-Dx_DFP/2.4.286/xc8/avr/lib/avrxmega2/memx-const/mapped/crtavr64dd32.o
 .debug_info    0x00000000000022a4     0x1af8 build/default/debug/mcc_generated_files/adc/src/adc0.o
 .debug_info    0x0000000000003d9c      0x41a build/default/debug/mcc_generated_files/system/src/interrupt.o
 .debug_info    0x00000000000041b6      0xf21 build/default/debug/mcc_generated_files/system/src/clock.o
 .debug_info    0x00000000000050d7      0x9aa build/default/debug/mcc_generated_files/system/src/pins.o
 .debug_info    0x0000000000005a81      0x90e build/default/debug/mcc_generated_files/system/src/config_bits.o
 .debug_info    0x000000000000638f      0x363 build/default/debug/mcc_generated_files/system/src/system.o
 .debug_info    0x00000000000066f2       0x95 build/default/debug/mcc_generated_files/system/src/protected_io.o
 .debug_info    0x0000000000006787      0x949 build/default/debug/mcc_generated_files/timer/src/tcb0.o
 .debug_info    0x00000000000070d0      0xd97 build/default/debug/mcc_generated_files/uart/src/usart0.o
 .debug_info    0x0000000000007e67      0x386 build/default/debug/mcc_generated_files/vref/src/vref.o
 .debug_info    0x00000000000081ed      0xe10 build/default/debug/main.o

.debug_abbrev   0x0000000000000000     0x2e95
 *(.debug_abbrev)
 .debug_abbrev  0x0000000000000000     0x20ce D:/Program Files/Microchip/MPLABX/v6.20/packs/Microchip/AVR-Dx_DFP/2.4.286/xc8/avr/lib/avrxmega2/memx-const/mapped/crtavr64dd32.o
 .debug_abbrev  0x00000000000020ce      0x1ba build/default/debug/mcc_generated_files/adc/src/adc0.o
 .debug_abbrev  0x0000000000002288       0xfa build/default/debug/mcc_generated_files/system/src/interrupt.o
 .debug_abbrev  0x0000000000002382      0x135 build/default/debug/mcc_generated_files/system/src/clock.o
 .debug_abbrev  0x00000000000024b7      0x14a build/default/debug/mcc_generated_files/system/src/pins.o
 .debug_abbrev  0x0000000000002601       0x97 build/default/debug/mcc_generated_files/system/src/config_bits.o
 .debug_abbrev  0x0000000000002698       0x58 build/default/debug/mcc_generated_files/system/src/system.o
 .debug_abbrev  0x00000000000026f0       0x14 build/default/debug/mcc_generated_files/system/src/protected_io.o
 .debug_abbrev  0x0000000000002704      0x227 build/default/debug/mcc_generated_files/timer/src/tcb0.o
 .debug_abbrev  0x000000000000292b      0x2a3 build/default/debug/mcc_generated_files/uart/src/usart0.o
 .debug_abbrev  0x0000000000002bce       0x8c build/default/debug/mcc_generated_files/vref/src/vref.o
 .debug_abbrev  0x0000000000002c5a      0x23b build/default/debug/main.o

.debug_line     0x0000000000000000     0x1c82
 *(.debug_line .debug_line.* .debug_line_end)
 .debug_line    0x0000000000000000      0x1aa D:/Program Files/Microchip/MPLABX/v6.20/packs/Microchip/AVR-Dx_DFP/2.4.286/xc8/avr/lib/avrxmega2/memx-const/mapped/crtavr64dd32.o
 .debug_line    0x00000000000001aa      0x554 build/default/debug/mcc_generated_files/adc/src/adc0.o
 .debug_line    0x00000000000006fe      0x195 build/default/debug/mcc_generated_files/system/src/interrupt.o
 .debug_line    0x0000000000000893      0x1cf build/default/debug/mcc_generated_files/system/src/clock.o
 .debug_line    0x0000000000000a62      0x393 build/default/debug/mcc_generated_files/system/src/pins.o
 .debug_line    0x0000000000000df5      0x102 build/default/debug/mcc_generated_files/system/src/config_bits.o
 .debug_line    0x0000000000000ef7      0x1a1 build/default/debug/mcc_generated_files/system/src/system.o
 .debug_line    0x0000000000001098       0x6d build/default/debug/mcc_generated_files/system/src/protected_io.o
 .debug_line    0x0000000000001105      0x2d5 build/default/debug/mcc_generated_files/timer/src/tcb0.o
 .debug_line    0x00000000000013da      0x495 build/default/debug/mcc_generated_files/uart/src/usart0.o
 .debug_line    0x000000000000186f      0x121 build/default/debug/mcc_generated_files/vref/src/vref.o
 .debug_line    0x0000000000001990      0x2f2 build/default/debug/main.o

.debug_frame    0x0000000000000000      0x830
 *(.debug_frame)
 .debug_frame   0x0000000000000000      0x2b4 build/default/debug/mcc_generated_files/adc/src/adc0.o
 .debug_frame   0x00000000000002b4       0x24 build/default/debug/mcc_generated_files/system/src/interrupt.o
 .debug_frame   0x00000000000002d8       0x44 build/default/debug/mcc_generated_files/system/src/clock.o
 .debug_frame   0x000000000000031c      0x138 build/default/debug/mcc_generated_files/system/src/pins.o
 .debug_frame   0x0000000000000454       0x24 build/default/debug/mcc_generated_files/system/src/system.o
 .debug_frame   0x0000000000000478      0x11c build/default/debug/mcc_generated_files/timer/src/tcb0.o
 .debug_frame   0x0000000000000594      0x194 build/default/debug/mcc_generated_files/uart/src/usart0.o
 .debug_frame   0x0000000000000728       0x24 build/default/debug/mcc_generated_files/vref/src/vref.o
 .debug_frame   0x000000000000074c       0xe4 build/default/debug/main.o

.debug_str      0x0000000000000000     0x1010
 *(.debug_str)
 .debug_str     0x0000000000000000      0xefb D:/Program Files/Microchip/MPLABX/v6.20/packs/Microchip/AVR-Dx_DFP/2.4.286/xc8/avr/lib/avrxmega2/memx-const/mapped/crtavr64dd32.o
 .debug_str     0x0000000000000efb        0x9 build/default/debug/mcc_generated_files/adc/src/adc0.o
 .debug_str     0x0000000000000f04       0x13 build/default/debug/mcc_generated_files/system/src/interrupt.o
 .debug_str     0x0000000000000f17       0x13 build/default/debug/mcc_generated_files/system/src/clock.o
 .debug_str     0x0000000000000f2a       0x30 build/default/debug/mcc_generated_files/system/src/pins.o
 .debug_str     0x0000000000000f5a        0x0 build/default/debug/mcc_generated_files/system/src/config_bits.o
 .debug_str     0x0000000000000f5a       0x7c build/default/debug/mcc_generated_files/system/src/system.o
 .debug_str     0x0000000000000fd6        0x0 build/default/debug/mcc_generated_files/timer/src/tcb0.o
 .debug_str     0x0000000000000fd6       0x10 build/default/debug/mcc_generated_files/uart/src/usart0.o
 .debug_str     0x0000000000000fe6        0x0 build/default/debug/mcc_generated_files/vref/src/vref.o
 .debug_str     0x0000000000000fe6       0x2a build/default/debug/main.o

.debug_loc      0x0000000000000000      0x367
 *(.debug_loc)
 .debug_loc     0x0000000000000000       0x6f build/default/debug/mcc_generated_files/adc/src/adc0.o
 .debug_loc     0x000000000000006f       0x2a build/default/debug/mcc_generated_files/system/src/interrupt.o
 .debug_loc     0x0000000000000099      0x23a build/default/debug/mcc_generated_files/system/src/clock.o
 .debug_loc     0x00000000000002d3       0x3a build/default/debug/mcc_generated_files/uart/src/usart0.o
 .debug_loc     0x000000000000030d       0x5a build/default/debug/main.o

.debug_macinfo
 *(.debug_macinfo)

.debug_weaknames
 *(.debug_weaknames)

.debug_funcnames
 *(.debug_funcnames)

.debug_typenames
 *(.debug_typenames)

.debug_varnames
 *(.debug_varnames)

.debug_pubtypes
 *(.debug_pubtypes)

.debug_ranges   0x0000000000000000      0x338
 *(.debug_ranges)
 .debug_ranges  0x0000000000000000      0x110 build/default/debug/mcc_generated_files/adc/src/adc0.o
 .debug_ranges  0x0000000000000110       0x10 build/default/debug/mcc_generated_files/system/src/interrupt.o
 .debug_ranges  0x0000000000000120       0x20 build/default/debug/mcc_generated_files/system/src/clock.o
 .debug_ranges  0x0000000000000140       0x70 build/default/debug/mcc_generated_files/system/src/pins.o
 .debug_ranges  0x00000000000001b0       0x10 build/default/debug/mcc_generated_files/system/src/system.o
 .debug_ranges  0x00000000000001c0       0x68 build/default/debug/mcc_generated_files/timer/src/tcb0.o
 .debug_ranges  0x0000000000000228       0xc8 build/default/debug/mcc_generated_files/uart/src/usart0.o
 .debug_ranges  0x00000000000002f0       0x10 build/default/debug/mcc_generated_files/vref/src/vref.o
 .debug_ranges  0x0000000000000300       0x38 build/default/debug/main.o

.debug_macro
 *(.debug_macro)
OUTPUT(dist/default/debug/lab3_adc_differential.X.debug.elf elf32-avr)
LOAD linker stubs
LOAD data_init

.note.gnu.avr.deviceinfo
                0x0000000000000000       0x3c
 .note.gnu.avr.deviceinfo
                0x0000000000000000       0x3c D:/Program Files/Microchip/MPLABX/v6.20/packs/Microchip/AVR-Dx_DFP/2.4.286/xc8/avr/lib/avrxmega2/memx-const/mapped/crtavr64dd32.o

.bss.ADC0_ThresholdCallback
                0x0000000000806079        0x2
 .bss.ADC0_ThresholdCallback
                0x0000000000806079        0x2 build/default/debug/mcc_generated_files/adc/src/adc0.o

.bss.ADC0_ConversionDoneCallback
                0x000000000080607b        0x2
 .bss.ADC0_ConversionDoneCallback
                0x000000000080607b        0x2 build/default/debug/mcc_generated_files/adc/src/adc0.o

.bss.IO_PD7_InterruptHandler
                0x000000000080607d        0x2
 .bss.IO_PD7_InterruptHandler
                0x000000000080607d        0x2 build/default/debug/mcc_generated_files/system/src/pins.o

.bss.IO_PD6_InterruptHandler
                0x000000000080607f        0x2
 .bss.IO_PD6_InterruptHandler
                0x000000000080607f        0x2 build/default/debug/mcc_generated_files/system/src/pins.o

.bss.IO_PD4_InterruptHandler
                0x0000000000806081        0x2
 .bss.IO_PD4_InterruptHandler
                0x0000000000806081        0x2 build/default/debug/mcc_generated_files/system/src/pins.o

.bss.IO_PD5_InterruptHandler
                0x0000000000806083        0x2
 .bss.IO_PD5_InterruptHandler
                0x0000000000806083        0x2 build/default/debug/mcc_generated_files/system/src/pins.o

.bss.TCB0_CAPT_cb
                0x0000000000806085        0x2
 .bss.TCB0_CAPT_cb
                0x0000000000806085        0x2 build/default/debug/mcc_generated_files/timer/src/tcb0.o

.bss.USART0_ParityErrorHandler
                0x0000000000806087        0x2
 .bss.USART0_ParityErrorHandler
                0x0000000000806087        0x2 build/default/debug/mcc_generated_files/uart/src/usart0.o

.bss.USART0_OverrunErrorHandler
                0x0000000000806089        0x2
 .bss.USART0_OverrunErrorHandler
                0x0000000000806089        0x2 build/default/debug/mcc_generated_files/uart/src/usart0.o

.bss.USART0_FramingErrorHandler
                0x000000000080608b        0x2
 .bss.USART0_FramingErrorHandler
                0x000000000080608b        0x2 build/default/debug/mcc_generated_files/uart/src/usart0.o

.bss.usart0RxLastError
                0x000000000080608d        0x2
 .bss.usart0RxLastError
                0x000000000080608d        0x2 build/default/debug/mcc_generated_files/uart/src/usart0.o

.bss.spinlock.4658
                0x000000000080608f        0x2
 .bss.spinlock.4658
                0x000000000080608f        0x2 build/default/debug/main.o

.bss.adc_sample_count.4648
                0x0000000000806091        0x2
 .bss.adc_sample_count.4648
                0x0000000000806091        0x2 build/default/debug/main.o

.bss.timer      0x0000000000806075        0x4
 .bss.timer     0x0000000000806075        0x4 build/default/debug/main.o
                0x0000000000806075                timer

.bss.uart_str   0x0000000000806002       0x50
 .bss.uart_str  0x0000000000806002       0x50 build/default/debug/main.o
                0x0000000000806002                uart_str

.rodata         0x0000000000808108       0x43 load address 0x0000000000000108
 .rodata        0x0000000000808108       0x43 build/default/debug/main.o

.rodata.UART0   0x000000000080814b       0x30 load address 0x000000000000014b
 .rodata.UART0  0x000000000080814b       0x30 build/default/debug/mcc_generated_files/uart/src/usart0.o
                0x000000000080814b                UART0

.rodata.Timer0  0x000000000080817b       0x16 load address 0x000000000000017b
 .rodata.Timer0
                0x000000000080817b       0x16 build/default/debug/mcc_generated_files/timer/src/tcb0.o
                0x000000000080817b                Timer0

.text.vfpfcnvrt
                0x0000000000000192      0x3fc
 .text.vfpfcnvrt
                0x0000000000000192      0x3fc d:/program files/microchip/xc8/v3.00/avr/bin/../lib/gcc/avr/5.4.0/../../../../avr/lib/avrxmega2/memx-const/mapped\libc.a(__printf_core.o)
                0x0000000000000192                vfpfcnvrt

.text.__fmt_x   0x000000000000058e      0x1dc
 .text.__fmt_x  0x000000000000058e      0x1dc d:/program files/microchip/xc8/v3.00/avr/bin/../lib/gcc/avr/5.4.0/../../../../avr/lib/avrxmega2/memx-const/mapped\libc.a(__fmt_x.o)
                0x000000000000058e                __fmt_x_needed
                0x000000000000058e                __fmt_x

.text.__fmt_d   0x000000000000076a       0xe4
 .text.__fmt_d  0x000000000000076a       0xe4 d:/program files/microchip/xc8/v3.00/avr/bin/../lib/gcc/avr/5.4.0/../../../../avr/lib/avrxmega2/memx-const/mapped\libc.a(__fmt_d.o)
                0x000000000000076a                __fmt_d
                0x000000000000076a                __fmt_d_needed

.text.PIN_MANAGER_Initialize
                0x000000000000084e       0xe0
 .text.PIN_MANAGER_Initialize
                0x000000000000084e       0xe0 build/default/debug/mcc_generated_files/system/src/pins.o
                0x000000000000084e                PIN_MANAGER_Initialize

.text.__pop_int
                0x000000000000092e       0xd0
 .text.__pop_int
                0x000000000000092e       0xd0 d:/program files/microchip/xc8/v3.00/avr/bin/../lib/gcc/avr/5.4.0/../../../../avr/lib/avrxmega2/memx-const/mapped\libc.a(__pop_int.o)
                0x000000000000092e                __pop_int_needed
                0x000000000000092e                __pop_int

.text.__cvt_u   0x00000000000009fe       0xca
 .text.__cvt_u  0x00000000000009fe       0xca d:/program files/microchip/xc8/v3.00/avr/bin/../lib/gcc/avr/5.4.0/../../../../avr/lib/avrxmega2/memx-const/mapped\libc.a(__fmt_u.o)
                0x00000000000009fe                __cvt_u

.text.sample_voltages
                0x0000000000000ac8       0xb2
 .text.sample_voltages
                0x0000000000000ac8       0xb2 build/default/debug/main.o
                0x0000000000000ac8                sample_voltages

.text.__fmt_o   0x0000000000000b7a       0xb2
 .text.__fmt_o  0x0000000000000b7a       0xb2 d:/program files/microchip/xc8/v3.00/avr/bin/../lib/gcc/avr/5.4.0/../../../../avr/lib/avrxmega2/memx-const/mapped\libc.a(__fmt_o.o)
                0x0000000000000b7a                __fmt_o
                0x0000000000000b7a                __fmt_o_needed

.text.fputc     0x0000000000000c2c       0x98
 .text.fputc    0x0000000000000c2c       0x98 d:/program files/microchip/xc8/v3.00/avr/bin/../lib/gcc/avr/5.4.0/../../../../avr/lib/avrxmega2/memx-const/mapped\libc.a(fputc.o)
                0x0000000000000c2c                fputc
                0x0000000000000c2c                putc

.text.CLOCK_Initialize
                0x0000000000000cc4       0x90
 .text.CLOCK_Initialize
                0x0000000000000cc4       0x90 build/default/debug/mcc_generated_files/system/src/clock.o
                0x0000000000000cc4                CLOCK_Initialize

.text.UART_WriteString
                0x0000000000000d54       0x90
 .text.UART_WriteString
                0x0000000000000d54       0x90 build/default/debug/main.o
                0x0000000000000d54                UART_WriteString

.text.__fmt_u   0x0000000000000de4       0x8e
 .text.__fmt_u  0x0000000000000de4       0x8e d:/program files/microchip/xc8/v3.00/avr/bin/../lib/gcc/avr/5.4.0/../../../../avr/lib/avrxmega2/memx-const/mapped\libc.a(__fmt_u.o)
                0x0000000000000de4                __fmt_u_needed
                0x0000000000000de4                __fmt_u

.text.__vector_24
                0x0000000000000e72       0x80
 .text.__vector_24
                0x0000000000000e72       0x80 build/default/debug/mcc_generated_files/system/src/pins.o
                0x0000000000000e72                __vector_24

.text.__printf_core
                0x0000000000000ef2       0x78
 .text.__printf_core
                0x0000000000000ef2       0x78 d:/program files/microchip/xc8/v3.00/avr/bin/../lib/gcc/avr/5.4.0/../../../../avr/lib/avrxmega2/memx-const/mapped\libc.a(__printf_core.o)
                0x0000000000000ef2                __printf_core

.text.__vsnprintf
                0x0000000000000f6a       0x74
 .text.__vsnprintf
                0x0000000000000f6a       0x74 d:/program files/microchip/xc8/v3.00/avr/bin/../lib/gcc/avr/5.4.0/../../../../avr/lib/avrxmega2/memx-const/mapped\libc.a(__int_vsnprintf.o)
                0x0000000000000f6a                __vsnprintf

.text.USART0_ErrorGet
                0x0000000000000fde       0x72
 .text.USART0_ErrorGet
                0x0000000000000fde       0x72 build/default/debug/mcc_generated_files/uart/src/usart0.o
                0x0000000000000fde                USART0_ErrorGet

.text.__pad     0x0000000000001050       0x72
 .text.__pad    0x0000000000001050       0x72 d:/program files/microchip/xc8/v3.00/avr/bin/../lib/gcc/avr/5.4.0/../../../../avr/lib/avrxmega2/memx-const/mapped\libc.a(__printf_core.o)
                0x0000000000001050                __pad

.text.__vector_14
                0x00000000000010c2       0x60
 .text.__vector_14
                0x00000000000010c2       0x60 build/default/debug/mcc_generated_files/timer/src/tcb0.o
                0x00000000000010c2                __vector_14

.text.read_prec_or_width
                0x0000000000001122       0x5c
 .text.read_prec_or_width
                0x0000000000001122       0x5c d:/program files/microchip/xc8/v3.00/avr/bin/../lib/gcc/avr/5.4.0/../../../../avr/lib/avrxmega2/memx-const/mapped\libc.a(__printf_core.o)

.text.__vector_26
                0x000000000000117e       0x58
 .text.__vector_26
                0x000000000000117e       0x58 build/default/debug/mcc_generated_files/adc/src/adc0.o
                0x000000000000117e                __vector_26

.text.__vector_27
                0x00000000000011d6       0x58
 .text.__vector_27
                0x00000000000011d6       0x58 build/default/debug/mcc_generated_files/adc/src/adc0.o
                0x00000000000011d6                __vector_27

.text.__fmt_s   0x000000000000122e       0x54
 .text.__fmt_s  0x000000000000122e       0x54 d:/program files/microchip/xc8/v3.00/avr/bin/../lib/gcc/avr/5.4.0/../../../../avr/lib/avrxmega2/memx-const/mapped\libc.a(__fmt_s.o)
                0x000000000000122e                __fmt_s
                0x000000000000122e                __fmt_0_needed
                0x000000000000122e                __fmt_s_needed

.text.USART0_Initialize
                0x0000000000001282       0x4c
 .text.USART0_Initialize
                0x0000000000001282       0x4c build/default/debug/mcc_generated_files/uart/src/usart0.o
                0x0000000000001282                USART0_Initialize

.text.ADC0_Initialize
                0x00000000000012ce       0x4a
 .text.ADC0_Initialize
                0x00000000000012ce       0x4a build/default/debug/mcc_generated_files/adc/src/adc0.o
                0x00000000000012ce                ADC0_Initialize

.text.libgcc.div
                0x0000000000001318       0x44
 .text.libgcc.div
                0x0000000000001318       0x44 d:/program files/microchip/xc8/v3.00/avr/bin/../lib/gcc/avr/5.4.0/avrxmega2/memx-const/mapped\libgcc.a(_udivmodsi4.o)
                0x0000000000001318                __udivmodsi4

.text.__fmt_state
                0x000000000000135c       0x40
 .text.__fmt_state
                0x000000000000135c       0x40 d:/program files/microchip/xc8/v3.00/avr/bin/../lib/gcc/avr/5.4.0/../../../../avr/lib/avrxmega2/memx-const/mapped\libc.a(__printf_core.o)
                0x000000000000135c                __fmt_state

.text.__out     0x000000000000139c       0x3a
 .text.__out    0x000000000000139c       0x3a d:/program files/microchip/xc8/v3.00/avr/bin/../lib/gcc/avr/5.4.0/../../../../avr/lib/avrxmega2/memx-const/mapped\libc.a(__printf_core.o)
                0x000000000000139c                __out

.text.TCB0_Initialize
                0x00000000000013d6       0x32
 .text.TCB0_Initialize
                0x00000000000013d6       0x32 build/default/debug/mcc_generated_files/timer/src/tcb0.o
                0x00000000000013d6                TCB0_Initialize

.text.libgcc.prologue
                0x0000000000001408       0x32
 .text.libgcc.prologue
                0x0000000000001408       0x32 d:/program files/microchip/xc8/v3.00/avr/bin/../lib/gcc/avr/5.4.0/avrxmega2/memx-const/mapped\libgcc.a(_prologue.o)
                0x0000000000001408                __prologue_saves__

.text.__vfprintf
                0x000000000000143a       0x30
 .text.__vfprintf
                0x000000000000143a       0x30 d:/program files/microchip/xc8/v3.00/avr/bin/../lib/gcc/avr/5.4.0/../../../../avr/lib/avrxmega2/memx-const/mapped\libc.a(__int_vfprintf.o)
                0x000000000000143a                __vfprintf

.text.libgcc.prologue
                0x000000000000146a       0x30
 .text.libgcc.prologue
                0x000000000000146a       0x30 d:/program files/microchip/xc8/v3.00/avr/bin/../lib/gcc/avr/5.4.0/avrxmega2/memx-const/mapped\libgcc.a(_epilogue.o)
                0x000000000000146a                __epilogue_restores__

.text.tcb_softtimer
                0x000000000000149a       0x2c
 .text.tcb_softtimer
                0x000000000000149a       0x2c build/default/debug/main.o
                0x000000000000149a                tcb_softtimer

.text.USART0_AutoBaudSet
                0x00000000000014c6       0x28
 .text.USART0_AutoBaudSet
                0x00000000000014c6       0x28 build/default/debug/mcc_generated_files/uart/src/usart0.o
                0x00000000000014c6                USART0_AutoBaudSet

.text.TCB0_Deinitialize
                0x00000000000014ee       0x24
 .text.TCB0_Deinitialize
                0x00000000000014ee       0x24 build/default/debug/mcc_generated_files/timer/src/tcb0.o
                0x00000000000014ee                TCB0_Deinitialize

.text.main      0x0000000000001512       0x24
 .text.main     0x0000000000001512       0x24 build/default/debug/main.o
                0x0000000000001512                main

.text.__wrap_sprintf
                0x0000000000001536       0x24
 .text.__wrap_sprintf
                0x0000000000001536       0x24 d:/program files/microchip/xc8/v3.00/avr/bin/../lib/gcc/avr/5.4.0/../../../../avr/lib/avrxmega2/memx-const/mapped\libc.a(__sio_sprintf_doux.o)
                0x0000000000001536                _sprintf_cdopuxX

.text.SYSTEM_Initialize
                0x000000000000155a       0x1e
 .text.SYSTEM_Initialize
                0x000000000000155a       0x1e build/default/debug/mcc_generated_files/system/src/system.o
                0x000000000000155a                SYSTEM_Initialize

.text.ADC0_ChannelSelectAndConvert
                0x0000000000001578       0x1c
 .text.ADC0_ChannelSelectAndConvert
                0x0000000000001578       0x1c build/default/debug/mcc_generated_files/adc/src/adc0.o
                0x0000000000001578                ADC0_ChannelSelectAndConvert

.text.strlen    0x0000000000001594       0x1c
 .text.strlen   0x0000000000001594       0x1c d:/program files/microchip/xc8/v3.00/avr/bin/../lib/gcc/avr/5.4.0/../../../../avr/lib/avrxmega2/memx-const/mapped\libc.a(strlen.o)
                0x0000000000001594                strlen

.text.CPUINT_Initialize
                0x00000000000015b0       0x18
 .text.CPUINT_Initialize
                0x00000000000015b0       0x18 build/default/debug/mcc_generated_files/system/src/interrupt.o
                0x00000000000015b0                CPUINT_Initialize

.text.USART0_Deinitialize
                0x00000000000015c8       0x18
 .text.USART0_Deinitialize
                0x00000000000015c8       0x18 build/default/debug/mcc_generated_files/uart/src/usart0.o
                0x00000000000015c8                USART0_Deinitialize

.text.clear_timer
                0x00000000000015e0       0x16
 .text.clear_timer
                0x00000000000015e0       0x16 build/default/debug/main.o
                0x00000000000015e0                clear_timer

.text.read_timer
                0x00000000000015f6       0x16
 .text.read_timer
                0x00000000000015f6       0x16 build/default/debug/main.o
                0x00000000000015f6                read_timer

.text.exit      0x000000000000160c       0x16
 .text.exit     0x000000000000160c       0x16 d:/program files/microchip/xc8/v3.00/avr/bin/../lib/gcc/avr/5.4.0/../../../../avr/lib/avrxmega2/memx-const/mapped\libc.a(exit.o)
                0x000000000000160c                exit

.text.toupper   0x0000000000001622       0x12
 .text.toupper  0x0000000000001622       0x12 d:/program files/microchip/xc8/v3.00/avr/bin/../lib/gcc/avr/5.4.0/../../../../avr/lib/avrxmega2/memx-const/mapped\libc.a(toupper.o)
                0x0000000000001622                toupper

.text.VREF_Initialize
                0x0000000000001634       0x10
 .text.VREF_Initialize
                0x0000000000001634       0x10 build/default/debug/mcc_generated_files/vref/src/vref.o
                0x0000000000001634                VREF_Initialize

.text.tolower   0x0000000000001644       0x10
 .text.tolower  0x0000000000001644       0x10 d:/program files/microchip/xc8/v3.00/avr/bin/../lib/gcc/avr/5.4.0/../../../../avr/lib/avrxmega2/memx-const/mapped\libc.a(tolower.o)
                0x0000000000001644                tolower

.text.TCB0_CounterGet
                0x0000000000001654        0xe
 .text.TCB0_CounterGet
                0x0000000000001654        0xe build/default/debug/mcc_generated_files/timer/src/tcb0.o
                0x0000000000001654                TCB0_CounterGet

.text.TCB0_PeriodGet
                0x0000000000001662        0xe
 .text.TCB0_PeriodGet
                0x0000000000001662        0xe build/default/debug/mcc_generated_files/timer/src/tcb0.o
                0x0000000000001662                TCB0_PeriodGet

.text.USART0_FramingErrorCallbackRegister
                0x0000000000001670        0xe
 .text.USART0_FramingErrorCallbackRegister
                0x0000000000001670        0xe build/default/debug/mcc_generated_files/uart/src/usart0.o
                0x0000000000001670                USART0_FramingErrorCallbackRegister

.text.USART0_OverrunErrorCallbackRegister
                0x000000000000167e        0xe
 .text.USART0_OverrunErrorCallbackRegister
                0x000000000000167e        0xe build/default/debug/mcc_generated_files/uart/src/usart0.o
                0x000000000000167e                USART0_OverrunErrorCallbackRegister

.text.USART0_ParityErrorCallbackRegister
                0x000000000000168c        0xe
 .text.USART0_ParityErrorCallbackRegister
                0x000000000000168c        0xe build/default/debug/mcc_generated_files/uart/src/usart0.o
                0x000000000000168c                USART0_ParityErrorCallbackRegister

.text.__vsprintf
                0x000000000000169a        0xe
 .text.__vsprintf
                0x000000000000169a        0xe d:/program files/microchip/xc8/v3.00/avr/bin/../lib/gcc/avr/5.4.0/../../../../avr/lib/avrxmega2/memx-const/mapped\libc.a(__int_vsprintf.o)
                0x000000000000169a                __vsprintf

.text.TCB0_Start
                0x00000000000016a8        0xc
 .text.TCB0_Start
                0x00000000000016a8        0xc build/default/debug/mcc_generated_files/timer/src/tcb0.o
                0x00000000000016a8                TCB0_Start

.text.TCB0_Stop
                0x00000000000016b4        0xc
 .text.TCB0_Stop
                0x00000000000016b4        0xc build/default/debug/mcc_generated_files/timer/src/tcb0.o
                0x00000000000016b4                TCB0_Stop

.text.USART0_TransmitEnable
                0x00000000000016c0        0xc
 .text.USART0_TransmitEnable
                0x00000000000016c0        0xc build/default/debug/mcc_generated_files/uart/src/usart0.o
                0x00000000000016c0                USART0_TransmitEnable

.text.USART0_TransmitDisable
                0x00000000000016cc        0xc
 .text.USART0_TransmitDisable
                0x00000000000016cc        0xc build/default/debug/mcc_generated_files/uart/src/usart0.o
                0x00000000000016cc                USART0_TransmitDisable

.text.USART0_IsRxReady
                0x00000000000016d8        0xc
 .text.USART0_IsRxReady
                0x00000000000016d8        0xc build/default/debug/mcc_generated_files/uart/src/usart0.o
                0x00000000000016d8                USART0_IsRxReady

.text.USART0_IsTxReady
                0x00000000000016e4        0xc
 .text.USART0_IsTxReady
                0x00000000000016e4        0xc build/default/debug/mcc_generated_files/uart/src/usart0.o
                0x00000000000016e4                USART0_IsTxReady

.text.USART0_IsTxDone
                0x00000000000016f0        0xc
 .text.USART0_IsTxDone
                0x00000000000016f0        0xc build/default/debug/mcc_generated_files/uart/src/usart0.o
                0x00000000000016f0                USART0_IsTxDone

.text.__vector_8
                0x00000000000016fc        0xa
 .text.__vector_8
                0x00000000000016fc        0xa build/default/debug/mcc_generated_files/system/src/pins.o
                0x00000000000016fc                __vector_8

.text.__vector_29
                0x0000000000001706        0xa
 .text.__vector_29
                0x0000000000001706        0xa build/default/debug/mcc_generated_files/system/src/pins.o
                0x0000000000001706                __vector_29

.text.__vector_34
                0x0000000000001710        0xa
 .text.__vector_34
                0x0000000000001710        0xa build/default/debug/mcc_generated_files/system/src/pins.o
                0x0000000000001710                __vector_34

.text.TCB0_CounterSet
                0x000000000000171a        0xa
 .text.TCB0_CounterSet
                0x000000000000171a        0xa build/default/debug/mcc_generated_files/timer/src/tcb0.o
                0x000000000000171a                TCB0_CounterSet

.text.TCB0_PeriodSet
                0x0000000000001724        0xa
 .text.TCB0_PeriodSet
                0x0000000000001724        0xa build/default/debug/mcc_generated_files/timer/src/tcb0.o
                0x0000000000001724                TCB0_PeriodSet

.text.TCB0_MaxCountGet
                0x000000000000172e        0xa
 .text.TCB0_MaxCountGet
                0x000000000000172e        0xa build/default/debug/mcc_generated_files/timer/src/tcb0.o
                0x000000000000172e                TCB0_MaxCountGet

.text.TCB0_CaptureCallbackRegister
                0x0000000000001738        0xa
 .text.TCB0_CaptureCallbackRegister
                0x0000000000001738        0xa build/default/debug/mcc_generated_files/timer/src/tcb0.o
                0x0000000000001738                TCB0_CaptureCallbackRegister

.text.USART0_AutoBaudQuery
                0x0000000000001742        0xa
 .text.USART0_AutoBaudQuery
                0x0000000000001742        0xa build/default/debug/mcc_generated_files/uart/src/usart0.o
                0x0000000000001742                USART0_AutoBaudQuery

.text.protected_write_io
                0x000000000000174c        0x8
 .text.protected_write_io
                0x000000000000174c        0x8 build/default/debug/mcc_generated_files/system/src/protected_io.o
                0x000000000000174c                protected_write_io

.text.USART0_Read
                0x0000000000001754        0x6
 .text.USART0_Read
                0x0000000000001754        0x6 build/default/debug/mcc_generated_files/uart/src/usart0.o
                0x0000000000001754                USART0_Read

.text.USART0_Write
                0x000000000000175a        0x6
 .text.USART0_Write
                0x000000000000175a        0x6 build/default/debug/mcc_generated_files/uart/src/usart0.o
                0x000000000000175a                USART0_Write

.text           0x0000000000001760        0x4
 .text          0x0000000000001760        0x4 D:/Program Files/Microchip/MPLABX/v6.20/packs/Microchip/AVR-Dx_DFP/2.4.286/xc8/avr/lib/avrxmega2/memx-const/mapped/crtavr64dd32.o
                0x0000000000001760                __vector_22
                0x0000000000001760                __vector_28
                0x0000000000001760                __vector_1
                0x0000000000001760                __vector_32
                0x0000000000001760                __vector_12
                0x0000000000001760                __bad_interrupt
                0x0000000000001760                __vector_6
                0x0000000000001760                __vector_31
                0x0000000000001760                __vector_35
                0x0000000000001760                __vector_3
                0x0000000000001760                __vector_23
                0x0000000000001760                __vector_30
                0x0000000000001760                __vector_25
                0x0000000000001760                __vector_11
                0x0000000000001760                __vector_13
                0x0000000000001760                __vector_17
                0x0000000000001760                __vector_19
                0x0000000000001760                __vector_7
                0x0000000000001760                __vector_5
                0x0000000000001760                __vector_33
                0x0000000000001760                __vector_4
                0x0000000000001760                __vector_9
                0x0000000000001760                __vector_2
                0x0000000000001760                __vector_21
                0x0000000000001760                __vector_15
                0x0000000000001760                __vector_10
                0x0000000000001760                __vector_16
                0x0000000000001760                __vector_18
                0x0000000000001760                __vector_20

.text._Exit     0x0000000000001764        0x4
 .text._Exit    0x0000000000001764        0x4 d:/program files/microchip/xc8/v3.00/avr/bin/../lib/gcc/avr/5.4.0/../../../../avr/lib/avrxmega2/memx-const/mapped\libc.a(_Exit.o)
                0x0000000000001764                _Exit

.text.IO_PD5_DefaultInterruptHandler
                0x0000000000001768        0x2
 .text.IO_PD5_DefaultInterruptHandler
                0x0000000000001768        0x2 build/default/debug/mcc_generated_files/system/src/pins.o
                0x0000000000001768                IO_PD5_DefaultInterruptHandler

.text.IO_PD4_DefaultInterruptHandler
                0x000000000000176a        0x2
 .text.IO_PD4_DefaultInterruptHandler
                0x000000000000176a        0x2 build/default/debug/mcc_generated_files/system/src/pins.o
                0x000000000000176a                IO_PD4_DefaultInterruptHandler

.text.IO_PD6_DefaultInterruptHandler
                0x000000000000176c        0x2
 .text.IO_PD6_DefaultInterruptHandler
                0x000000000000176c        0x2 build/default/debug/mcc_generated_files/system/src/pins.o
                0x000000000000176c                IO_PD6_DefaultInterruptHandler

.text.IO_PD7_DefaultInterruptHandler
                0x000000000000176e        0x2
 .text.IO_PD7_DefaultInterruptHandler
                0x000000000000176e        0x2 build/default/debug/mcc_generated_files/system/src/pins.o
                0x000000000000176e                IO_PD7_DefaultInterruptHandler

.text.TCB0_DefaultCaptureCallback
                0x0000000000001770        0x2
 .text.TCB0_DefaultCaptureCallback
                0x0000000000001770        0x2 build/default/debug/mcc_generated_files/timer/src/tcb0.o

.text.USART0_DefaultFramingErrorCallback
                0x0000000000001772        0x2
 .text.USART0_DefaultFramingErrorCallback
                0x0000000000001772        0x2 build/default/debug/mcc_generated_files/uart/src/usart0.o

.text.USART0_DefaultOverrunErrorCallback
                0x0000000000001774        0x2
 .text.USART0_DefaultOverrunErrorCallback
                0x0000000000001774        0x2 build/default/debug/mcc_generated_files/uart/src/usart0.o

.text.USART0_DefaultParityErrorCallback
                0x0000000000001776        0x2
 .text.USART0_DefaultParityErrorCallback
                0x0000000000001776        0x2 build/default/debug/mcc_generated_files/uart/src/usart0.o

.text.__dummy_fini
                0x0000000000001778        0x2
 .text.__dummy_fini
                0x0000000000001778        0x2 d:/program files/microchip/xc8/v3.00/avr/bin/../lib/gcc/avr/5.4.0/../../../../avr/lib/avrxmega2/memx-const/mapped\libc.a(exit.o)
                0x0000000000001778                _fini

.text.__dummy_funcs_on_exit
                0x000000000000177a        0x2
 .text.__dummy_funcs_on_exit
                0x000000000000177a        0x2 d:/program files/microchip/xc8/v3.00/avr/bin/../lib/gcc/avr/5.4.0/../../../../avr/lib/avrxmega2/memx-const/mapped\libc.a(exit.o)
                0x000000000000177a                __funcs_on_exit

.text.__dummy_simulator_exit
                0x000000000000177c        0x2
 .text.__dummy_simulator_exit
                0x000000000000177c        0x2 d:/program files/microchip/xc8/v3.00/avr/bin/../lib/gcc/avr/5.4.0/../../../../avr/lib/avrxmega2/memx-const/mapped\libc.a(exit.o)
                0x000000000000177c                __simulator_exit

.rodata.state_table
                0x0000000000806052       0x16 load address 0x000000000000177e
 .rodata.state_table
                0x0000000000806052       0x16 d:/program files/microchip/xc8/v3.00/avr/bin/../lib/gcc/avr/5.4.0/../../../../avr/lib/avrxmega2/memx-const/mapped\libc.a(__printf_core.o)

.rodata.nuls.2781
                0x0000000000806068        0x7 load address 0x0000000000001794
 .rodata.nuls.2781
                0x0000000000806068        0x7 d:/program files/microchip/xc8/v3.00/avr/bin/../lib/gcc/avr/5.4.0/../../../../avr/lib/avrxmega2/memx-const/mapped\libc.a(__fmt_s.o)

.rodata.nilstr.2962
                0x000000000080606f        0x6 load address 0x000000000000179b
 .rodata.nilstr.2962
                0x000000000080606f        0x6 d:/program files/microchip/xc8/v3.00/avr/bin/../lib/gcc/avr/5.4.0/../../../../avr/lib/avrxmega2/memx-const/mapped\libc.a(__printf_core.o)
