Archive member included to satisfy reference by file (symbol)

d:/program files/microchip/xc8/v3.00/avr/bin/../lib/gcc/avr/5.4.0/avrxmega2/memx-const/mapped\libgcc.a(_copy_data.o)
                              build/default/debug/mcc_generated_files/system/src/config_bits.o (__do_copy_data)
d:/program files/microchip/xc8/v3.00/avr/bin/../lib/gcc/avr/5.4.0/../../../../avr/lib/avrxmega2/memx-const/mapped\libc.a(exit.o)
                              D:/Program Files/Microchip/MPLABX/v6.20/packs/Microchip/AVR-Dx_DFP/2.4.286/xc8/avr/lib/avrxmega2/memx-const/mapped/crtavr64dd32.o (exit)
d:/program files/microchip/xc8/v3.00/avr/bin/../lib/gcc/avr/5.4.0/../../../../avr/lib/avrxmega2/memx-const/mapped\libc.a(__sio_sprintf_doux.o)
                              build/default/debug/main.o (_sprintf_cdopuxX)
d:/program files/microchip/xc8/v3.00/avr/bin/../lib/gcc/avr/5.4.0/../../../../avr/lib/avrxmega2/memx-const/mapped\libc.a(__fmt_d.o)
                              d:/program files/microchip/xc8/v3.00/avr/bin/../lib/gcc/avr/5.4.0/../../../../avr/lib/avrxmega2/memx-const/mapped\libc.a(__sio_sprintf_doux.o) (__fmt_d_needed)
d:/program files/microchip/xc8/v3.00/avr/bin/../lib/gcc/avr/5.4.0/../../../../avr/lib/avrxmega2/memx-const/mapped\libc.a(__fmt_o.o)
                              d:/program files/microchip/xc8/v3.00/avr/bin/../lib/gcc/avr/5.4.0/../../../../avr/lib/avrxmega2/memx-const/mapped\libc.a(__sio_sprintf_doux.o) (__fmt_o_needed)
d:/program files/microchip/xc8/v3.00/avr/bin/../lib/gcc/avr/5.4.0/../../../../avr/lib/avrxmega2/memx-const/mapped\libc.a(__fmt_s.o)
                              d:/program files/microchip/xc8/v3.00/avr/bin/../lib/gcc/avr/5.4.0/../../../../avr/lib/avrxmega2/memx-const/mapped\libc.a(__sio_sprintf_doux.o) (__fmt_s_needed)
d:/program files/microchip/xc8/v3.00/avr/bin/../lib/gcc/avr/5.4.0/../../../../avr/lib/avrxmega2/memx-const/mapped\libc.a(__fmt_u.o)
                              d:/program files/microchip/xc8/v3.00/avr/bin/../lib/gcc/avr/5.4.0/../../../../avr/lib/avrxmega2/memx-const/mapped\libc.a(__fmt_d.o) (__cvt_u)
d:/program files/microchip/xc8/v3.00/avr/bin/../lib/gcc/avr/5.4.0/../../../../avr/lib/avrxmega2/memx-const/mapped\libc.a(__fmt_x.o)
                              d:/program files/microchip/xc8/v3.00/avr/bin/../lib/gcc/avr/5.4.0/../../../../avr/lib/avrxmega2/memx-const/mapped\libc.a(__sio_sprintf_doux.o) (__fmt_x_needed)
d:/program files/microchip/xc8/v3.00/avr/bin/../lib/gcc/avr/5.4.0/../../../../avr/lib/avrxmega2/memx-const/mapped\libc.a(__pop_int.o)
                              d:/program files/microchip/xc8/v3.00/avr/bin/../lib/gcc/avr/5.4.0/../../../../avr/lib/avrxmega2/memx-const/mapped\libc.a(__sio_sprintf_doux.o) (__pop_int_needed)
d:/program files/microchip/xc8/v3.00/avr/bin/../lib/gcc/avr/5.4.0/../../../../avr/lib/avrxmega2/memx-const/mapped\libc.a(__printf_core.o)
                              d:/program files/microchip/xc8/v3.00/avr/bin/../lib/gcc/avr/5.4.0/../../../../avr/lib/avrxmega2/memx-const/mapped\libc.a(__fmt_d.o) (__pad)
d:/program files/microchip/xc8/v3.00/avr/bin/../lib/gcc/avr/5.4.0/../../../../avr/lib/avrxmega2/memx-const/mapped\libc.a(fputc.o)
                              d:/program files/microchip/xc8/v3.00/avr/bin/../lib/gcc/avr/5.4.0/../../../../avr/lib/avrxmega2/memx-const/mapped\libc.a(__printf_core.o) (fputc)
d:/program files/microchip/xc8/v3.00/avr/bin/../lib/gcc/avr/5.4.0/../../../../avr/lib/avrxmega2/memx-const/mapped\libc.a(strlen.o)
                              d:/program files/microchip/xc8/v3.00/avr/bin/../lib/gcc/avr/5.4.0/../../../../avr/lib/avrxmega2/memx-const/mapped\libc.a(__fmt_s.o) (strlen)
d:/program files/microchip/xc8/v3.00/avr/bin/../lib/gcc/avr/5.4.0/../../../../avr/lib/avrxmega2/memx-const/mapped\libc.a(tolower.o)
                              d:/program files/microchip/xc8/v3.00/avr/bin/../lib/gcc/avr/5.4.0/../../../../avr/lib/avrxmega2/memx-const/mapped\libc.a(__printf_core.o) (tolower)
d:/program files/microchip/xc8/v3.00/avr/bin/../lib/gcc/avr/5.4.0/../../../../avr/lib/avrxmega2/memx-const/mapped\libc.a(toupper.o)
                              d:/program files/microchip/xc8/v3.00/avr/bin/../lib/gcc/avr/5.4.0/../../../../avr/lib/avrxmega2/memx-const/mapped\libc.a(__fmt_x.o) (toupper)
d:/program files/microchip/xc8/v3.00/avr/bin/../lib/gcc/avr/5.4.0/../../../../avr/lib/avrxmega2/memx-const/mapped\libc.a(errno.o)
                              d:/program files/microchip/xc8/v3.00/avr/bin/../lib/gcc/avr/5.4.0/../../../../avr/lib/avrxmega2/memx-const/mapped\libc.a(__printf_core.o) (__errno_val)
d:/program files/microchip/xc8/v3.00/avr/bin/../lib/gcc/avr/5.4.0/../../../../avr/lib/avrxmega2/memx-const/mapped\libc.a(_Exit.o)
                              d:/program files/microchip/xc8/v3.00/avr/bin/../lib/gcc/avr/5.4.0/../../../../avr/lib/avrxmega2/memx-const/mapped\libc.a(exit.o) (_Exit)
d:/program files/microchip/xc8/v3.00/avr/bin/../lib/gcc/avr/5.4.0/../../../../avr/lib/avrxmega2/memx-const/mapped\libc.a(__int_vsprintf.o)
                              d:/program files/microchip/xc8/v3.00/avr/bin/../lib/gcc/avr/5.4.0/../../../../avr/lib/avrxmega2/memx-const/mapped\libc.a(__sio_sprintf_doux.o) (__vsprintf)
d:/program files/microchip/xc8/v3.00/avr/bin/../lib/gcc/avr/5.4.0/../../../../avr/lib/avrxmega2/memx-const/mapped\libc.a(__int_vsnprintf.o)
                              d:/program files/microchip/xc8/v3.00/avr/bin/../lib/gcc/avr/5.4.0/../../../../avr/lib/avrxmega2/memx-const/mapped\libc.a(__int_vsprintf.o) (__vsnprintf)
d:/program files/microchip/xc8/v3.00/avr/bin/../lib/gcc/avr/5.4.0/../../../../avr/lib/avrxmega2/memx-const/mapped\libc.a(__int_vfprintf.o)
                              d:/program files/microchip/xc8/v3.00/avr/bin/../lib/gcc/avr/5.4.0/../../../../avr/lib/avrxmega2/memx-const/mapped\libc.a(__int_vsnprintf.o) (__vfprintf)
d:/program files/microchip/xc8/v3.00/avr/bin/../lib/gcc/avr/5.4.0/avrxmega2/memx-const/mapped\libgcc.a(_udivmodsi4.o)
                              d:/program files/microchip/xc8/v3.00/avr/bin/../lib/gcc/avr/5.4.0/../../../../avr/lib/avrxmega2/memx-const/mapped\libc.a(__fmt_u.o) (__udivmodsi4)
d:/program files/microchip/xc8/v3.00/avr/bin/../lib/gcc/avr/5.4.0/avrxmega2/memx-const/mapped\libgcc.a(_exit.o)
                              d:/program files/microchip/xc8/v3.00/avr/bin/../lib/gcc/avr/5.4.0/../../../../avr/lib/avrxmega2/memx-const/mapped\libc.a(_Exit.o) (_exit)
d:/program files/microchip/xc8/v3.00/avr/bin/../lib/gcc/avr/5.4.0/avrxmega2/memx-const/mapped\libgcc.a(_prologue.o)
                              d:/program files/microchip/xc8/v3.00/avr/bin/../lib/gcc/avr/5.4.0/../../../../avr/lib/avrxmega2/memx-const/mapped\libc.a(__sio_sprintf_doux.o) (__prologue_saves__)
d:/program files/microchip/xc8/v3.00/avr/bin/../lib/gcc/avr/5.4.0/avrxmega2/memx-const/mapped\libgcc.a(_epilogue.o)
                              d:/program files/microchip/xc8/v3.00/avr/bin/../lib/gcc/avr/5.4.0/../../../../avr/lib/avrxmega2/memx-const/mapped\libc.a(__sio_sprintf_doux.o) (__epilogue_restores__)

Allocating common symbols
Common symbol       size              file

__errno_val         0x2               d:/program files/microchip/xc8/v3.00/avr/bin/../lib/gcc/avr/5.4.0/../../../../avr/lib/avrxmega2/memx-const/mapped\libc.a(errno.o)

Discarded input sections

 .data          0x0000000000000000        0x0 D:/Program Files/Microchip/MPLABX/v6.20/packs/Microchip/AVR-Dx_DFP/2.4.286/xc8/avr/lib/avrxmega2/memx-const/mapped/crtavr64dd32.o
 .bss           0x0000000000000000        0x0 D:/Program Files/Microchip/MPLABX/v6.20/packs/Microchip/AVR-Dx_DFP/2.4.286/xc8/avr/lib/avrxmega2/memx-const/mapped/crtavr64dd32.o
 .text          0x0000000000000000        0x0 build/default/debug/mcc_generated_files/examples/UART_Example/uart_example.o
 .data          0x0000000000000000        0x0 build/default/debug/mcc_generated_files/examples/UART_Example/uart_example.o
 .bss           0x0000000000000000        0x0 build/default/debug/mcc_generated_files/examples/UART_Example/uart_example.o
 .debug_line    0x0000000000000000        0x0 build/default/debug/mcc_generated_files/examples/UART_Example/uart_example.o
 .debug_str     0x0000000000000000        0x0 build/default/debug/mcc_generated_files/examples/UART_Example/uart_example.o
 .comment       0x0000000000000000       0x30 build/default/debug/mcc_generated_files/examples/UART_Example/uart_example.o
 .text          0x0000000000000000        0x0 build/default/debug/mcc_generated_files/system/src/system.o
 .data          0x0000000000000000        0x0 build/default/debug/mcc_generated_files/system/src/system.o
 .bss           0x0000000000000000        0x0 build/default/debug/mcc_generated_files/system/src/system.o
 .text          0x0000000000000000        0x0 build/default/debug/mcc_generated_files/system/src/protected_io.o
 .data          0x0000000000000000        0x0 build/default/debug/mcc_generated_files/system/src/protected_io.o
 .bss           0x0000000000000000        0x0 build/default/debug/mcc_generated_files/system/src/protected_io.o
 .text          0x0000000000000000        0x0 build/default/debug/mcc_generated_files/system/src/interrupt.o
 .data          0x0000000000000000        0x0 build/default/debug/mcc_generated_files/system/src/interrupt.o
 .bss           0x0000000000000000        0x0 build/default/debug/mcc_generated_files/system/src/interrupt.o
 .text          0x0000000000000000        0x0 build/default/debug/mcc_generated_files/system/src/clock.o
 .data          0x0000000000000000        0x0 build/default/debug/mcc_generated_files/system/src/clock.o
 .bss           0x0000000000000000        0x0 build/default/debug/mcc_generated_files/system/src/clock.o
 .text.CFD_Enable
                0x0000000000000000       0x10 build/default/debug/mcc_generated_files/system/src/clock.o
 .text.CFD_Disable
                0x0000000000000000       0x12 build/default/debug/mcc_generated_files/system/src/clock.o
 .text          0x0000000000000000        0x0 build/default/debug/mcc_generated_files/system/src/config_bits.o
 .data          0x0000000000000000        0x0 build/default/debug/mcc_generated_files/system/src/config_bits.o
 .bss           0x0000000000000000        0x0 build/default/debug/mcc_generated_files/system/src/config_bits.o
 .text          0x0000000000000000        0x0 build/default/debug/mcc_generated_files/system/src/pins.o
 .data          0x0000000000000000        0x0 build/default/debug/mcc_generated_files/system/src/pins.o
 .bss           0x0000000000000000        0x0 build/default/debug/mcc_generated_files/system/src/pins.o
 .text.IO_PD5_SetInterruptHandler
                0x0000000000000000        0xa build/default/debug/mcc_generated_files/system/src/pins.o
 .text.IO_PD4_SetInterruptHandler
                0x0000000000000000        0xa build/default/debug/mcc_generated_files/system/src/pins.o
 .text.IO_PF5_SetInterruptHandler
                0x0000000000000000        0xa build/default/debug/mcc_generated_files/system/src/pins.o
 .text          0x0000000000000000        0x0 build/default/debug/mcc_generated_files/timer/src/tcb0.o
 .data          0x0000000000000000        0x0 build/default/debug/mcc_generated_files/timer/src/tcb0.o
 .bss           0x0000000000000000        0x0 build/default/debug/mcc_generated_files/timer/src/tcb0.o
 .text          0x0000000000000000        0x0 build/default/debug/mcc_generated_files/uart/src/usart0.o
 .data          0x0000000000000000        0x0 build/default/debug/mcc_generated_files/uart/src/usart0.o
 .bss           0x0000000000000000        0x0 build/default/debug/mcc_generated_files/uart/src/usart0.o
 .text.USART0_Enable
                0x0000000000000000        0xc build/default/debug/mcc_generated_files/uart/src/usart0.o
 .text.USART0_Disable
                0x0000000000000000        0xc build/default/debug/mcc_generated_files/uart/src/usart0.o
 .text.USART0_ReceiveEnable
                0x0000000000000000        0xc build/default/debug/mcc_generated_files/uart/src/usart0.o
 .text.USART0_ReceiveDisable
                0x0000000000000000        0xc build/default/debug/mcc_generated_files/uart/src/usart0.o
 .text.USART0_IsAutoBaudDetectError
                0x0000000000000000        0xc build/default/debug/mcc_generated_files/uart/src/usart0.o
 .text.USART0_AutoBaudDetectErrorReset
                0x0000000000000000       0x28 build/default/debug/mcc_generated_files/uart/src/usart0.o
 .text          0x0000000000000000        0x0 build/default/debug/main.o
 .data          0x0000000000000000        0x0 build/default/debug/main.o
 .bss           0x0000000000000000        0x0 build/default/debug/main.o
 .text.blocking
                0x0000000000000000       0x56 build/default/debug/main.o
 .bss.loop_count.4865
                0x0000000000000000        0x2 build/default/debug/main.o
 .text          0x0000000000000000        0x0 d:/program files/microchip/xc8/v3.00/avr/bin/../lib/gcc/avr/5.4.0/avrxmega2/memx-const/mapped\libgcc.a(_copy_data.o)
 .data          0x0000000000000000        0x0 d:/program files/microchip/xc8/v3.00/avr/bin/../lib/gcc/avr/5.4.0/avrxmega2/memx-const/mapped\libgcc.a(_copy_data.o)
 .bss           0x0000000000000000        0x0 d:/program files/microchip/xc8/v3.00/avr/bin/../lib/gcc/avr/5.4.0/avrxmega2/memx-const/mapped\libgcc.a(_copy_data.o)
 .text.libgcc.mul
                0x0000000000000000        0x0 d:/program files/microchip/xc8/v3.00/avr/bin/../lib/gcc/avr/5.4.0/avrxmega2/memx-const/mapped\libgcc.a(_copy_data.o)
 .text.libgcc.div
                0x0000000000000000        0x0 d:/program files/microchip/xc8/v3.00/avr/bin/../lib/gcc/avr/5.4.0/avrxmega2/memx-const/mapped\libgcc.a(_copy_data.o)
 .text.libgcc   0x0000000000000000        0x0 d:/program files/microchip/xc8/v3.00/avr/bin/../lib/gcc/avr/5.4.0/avrxmega2/memx-const/mapped\libgcc.a(_copy_data.o)
 .text.libgcc.prologue
                0x0000000000000000        0x0 d:/program files/microchip/xc8/v3.00/avr/bin/../lib/gcc/avr/5.4.0/avrxmega2/memx-const/mapped\libgcc.a(_copy_data.o)
 .text.libgcc.builtins
                0x0000000000000000        0x0 d:/program files/microchip/xc8/v3.00/avr/bin/../lib/gcc/avr/5.4.0/avrxmega2/memx-const/mapped\libgcc.a(_copy_data.o)
 .text.libgcc.fmul
                0x0000000000000000        0x0 d:/program files/microchip/xc8/v3.00/avr/bin/../lib/gcc/avr/5.4.0/avrxmega2/memx-const/mapped\libgcc.a(_copy_data.o)
 .text.libgcc.fixed
                0x0000000000000000        0x0 d:/program files/microchip/xc8/v3.00/avr/bin/../lib/gcc/avr/5.4.0/avrxmega2/memx-const/mapped\libgcc.a(_copy_data.o)
 .text          0x0000000000000000        0x0 d:/program files/microchip/xc8/v3.00/avr/bin/../lib/gcc/avr/5.4.0/../../../../avr/lib/avrxmega2/memx-const/mapped\libc.a(exit.o)
 .data          0x0000000000000000        0x0 d:/program files/microchip/xc8/v3.00/avr/bin/../lib/gcc/avr/5.4.0/../../../../avr/lib/avrxmega2/memx-const/mapped\libc.a(exit.o)
 .bss           0x0000000000000000        0x0 d:/program files/microchip/xc8/v3.00/avr/bin/../lib/gcc/avr/5.4.0/../../../../avr/lib/avrxmega2/memx-const/mapped\libc.a(exit.o)
 .stack.descriptors
                0x0000000000000000       0x73 d:/program files/microchip/xc8/v3.00/avr/bin/../lib/gcc/avr/5.4.0/../../../../avr/lib/avrxmega2/memx-const/mapped\libc.a(exit.o)
 .text          0x0000000000000000        0x0 d:/program files/microchip/xc8/v3.00/avr/bin/../lib/gcc/avr/5.4.0/../../../../avr/lib/avrxmega2/memx-const/mapped\libc.a(__sio_sprintf_doux.o)
 .data          0x0000000000000000        0x0 d:/program files/microchip/xc8/v3.00/avr/bin/../lib/gcc/avr/5.4.0/../../../../avr/lib/avrxmega2/memx-const/mapped\libc.a(__sio_sprintf_doux.o)
 .bss           0x0000000000000000        0x0 d:/program files/microchip/xc8/v3.00/avr/bin/../lib/gcc/avr/5.4.0/../../../../avr/lib/avrxmega2/memx-const/mapped\libc.a(__sio_sprintf_doux.o)
 .stack.descriptors
                0x0000000000000000       0x3c d:/program files/microchip/xc8/v3.00/avr/bin/../lib/gcc/avr/5.4.0/../../../../avr/lib/avrxmega2/memx-const/mapped\libc.a(__sio_sprintf_doux.o)
 .text.__sio_sprintf_doux
                0x0000000000000000       0x1a d:/program files/microchip/xc8/v3.00/avr/bin/../lib/gcc/avr/5.4.0/../../../../avr/lib/avrxmega2/memx-const/mapped\libc.a(__sio_sprintf_doux.o)
 .text          0x0000000000000000        0x0 d:/program files/microchip/xc8/v3.00/avr/bin/../lib/gcc/avr/5.4.0/../../../../avr/lib/avrxmega2/memx-const/mapped\libc.a(__fmt_d.o)
 .data          0x0000000000000000        0x0 d:/program files/microchip/xc8/v3.00/avr/bin/../lib/gcc/avr/5.4.0/../../../../avr/lib/avrxmega2/memx-const/mapped\libc.a(__fmt_d.o)
 .bss           0x0000000000000000        0x0 d:/program files/microchip/xc8/v3.00/avr/bin/../lib/gcc/avr/5.4.0/../../../../avr/lib/avrxmega2/memx-const/mapped\libc.a(__fmt_d.o)
 .stack.descriptors
                0x0000000000000000       0x15 d:/program files/microchip/xc8/v3.00/avr/bin/../lib/gcc/avr/5.4.0/../../../../avr/lib/avrxmega2/memx-const/mapped\libc.a(__fmt_d.o)
 .text          0x0000000000000000        0x0 d:/program files/microchip/xc8/v3.00/avr/bin/../lib/gcc/avr/5.4.0/../../../../avr/lib/avrxmega2/memx-const/mapped\libc.a(__fmt_o.o)
 .data          0x0000000000000000        0x0 d:/program files/microchip/xc8/v3.00/avr/bin/../lib/gcc/avr/5.4.0/../../../../avr/lib/avrxmega2/memx-const/mapped\libc.a(__fmt_o.o)
 .bss           0x0000000000000000        0x0 d:/program files/microchip/xc8/v3.00/avr/bin/../lib/gcc/avr/5.4.0/../../../../avr/lib/avrxmega2/memx-const/mapped\libc.a(__fmt_o.o)
 .stack.descriptors
                0x0000000000000000       0x15 d:/program files/microchip/xc8/v3.00/avr/bin/../lib/gcc/avr/5.4.0/../../../../avr/lib/avrxmega2/memx-const/mapped\libc.a(__fmt_o.o)
 .text          0x0000000000000000        0x0 d:/program files/microchip/xc8/v3.00/avr/bin/../lib/gcc/avr/5.4.0/../../../../avr/lib/avrxmega2/memx-const/mapped\libc.a(__fmt_s.o)
 .data          0x0000000000000000        0x0 d:/program files/microchip/xc8/v3.00/avr/bin/../lib/gcc/avr/5.4.0/../../../../avr/lib/avrxmega2/memx-const/mapped\libc.a(__fmt_s.o)
 .bss           0x0000000000000000        0x0 d:/program files/microchip/xc8/v3.00/avr/bin/../lib/gcc/avr/5.4.0/../../../../avr/lib/avrxmega2/memx-const/mapped\libc.a(__fmt_s.o)
 .stack.descriptors
                0x0000000000000000       0x15 d:/program files/microchip/xc8/v3.00/avr/bin/../lib/gcc/avr/5.4.0/../../../../avr/lib/avrxmega2/memx-const/mapped\libc.a(__fmt_s.o)
 .text          0x0000000000000000        0x0 d:/program files/microchip/xc8/v3.00/avr/bin/../lib/gcc/avr/5.4.0/../../../../avr/lib/avrxmega2/memx-const/mapped\libc.a(__fmt_u.o)
 .data          0x0000000000000000        0x0 d:/program files/microchip/xc8/v3.00/avr/bin/../lib/gcc/avr/5.4.0/../../../../avr/lib/avrxmega2/memx-const/mapped\libc.a(__fmt_u.o)
 .bss           0x0000000000000000        0x0 d:/program files/microchip/xc8/v3.00/avr/bin/../lib/gcc/avr/5.4.0/../../../../avr/lib/avrxmega2/memx-const/mapped\libc.a(__fmt_u.o)
 .stack.descriptors
                0x0000000000000000       0x2a d:/program files/microchip/xc8/v3.00/avr/bin/../lib/gcc/avr/5.4.0/../../../../avr/lib/avrxmega2/memx-const/mapped\libc.a(__fmt_u.o)
 .text          0x0000000000000000        0x0 d:/program files/microchip/xc8/v3.00/avr/bin/../lib/gcc/avr/5.4.0/../../../../avr/lib/avrxmega2/memx-const/mapped\libc.a(__fmt_x.o)
 .data          0x0000000000000000        0x0 d:/program files/microchip/xc8/v3.00/avr/bin/../lib/gcc/avr/5.4.0/../../../../avr/lib/avrxmega2/memx-const/mapped\libc.a(__fmt_x.o)
 .bss           0x0000000000000000        0x0 d:/program files/microchip/xc8/v3.00/avr/bin/../lib/gcc/avr/5.4.0/../../../../avr/lib/avrxmega2/memx-const/mapped\libc.a(__fmt_x.o)
 .stack.descriptors
                0x0000000000000000       0x15 d:/program files/microchip/xc8/v3.00/avr/bin/../lib/gcc/avr/5.4.0/../../../../avr/lib/avrxmega2/memx-const/mapped\libc.a(__fmt_x.o)
 .text          0x0000000000000000        0x0 d:/program files/microchip/xc8/v3.00/avr/bin/../lib/gcc/avr/5.4.0/../../../../avr/lib/avrxmega2/memx-const/mapped\libc.a(__pop_int.o)
 .data          0x0000000000000000        0x0 d:/program files/microchip/xc8/v3.00/avr/bin/../lib/gcc/avr/5.4.0/../../../../avr/lib/avrxmega2/memx-const/mapped\libc.a(__pop_int.o)
 .bss           0x0000000000000000        0x0 d:/program files/microchip/xc8/v3.00/avr/bin/../lib/gcc/avr/5.4.0/../../../../avr/lib/avrxmega2/memx-const/mapped\libc.a(__pop_int.o)
 .stack.descriptors
                0x0000000000000000       0x17 d:/program files/microchip/xc8/v3.00/avr/bin/../lib/gcc/avr/5.4.0/../../../../avr/lib/avrxmega2/memx-const/mapped\libc.a(__pop_int.o)
 .text          0x0000000000000000        0x0 d:/program files/microchip/xc8/v3.00/avr/bin/../lib/gcc/avr/5.4.0/../../../../avr/lib/avrxmega2/memx-const/mapped\libc.a(__printf_core.o)
 .data          0x0000000000000000        0x0 d:/program files/microchip/xc8/v3.00/avr/bin/../lib/gcc/avr/5.4.0/../../../../avr/lib/avrxmega2/memx-const/mapped\libc.a(__printf_core.o)
 .bss           0x0000000000000000        0x0 d:/program files/microchip/xc8/v3.00/avr/bin/../lib/gcc/avr/5.4.0/../../../../avr/lib/avrxmega2/memx-const/mapped\libc.a(__printf_core.o)
 .stack.descriptors
                0x0000000000000000       0x91 d:/program files/microchip/xc8/v3.00/avr/bin/../lib/gcc/avr/5.4.0/../../../../avr/lib/avrxmega2/memx-const/mapped\libc.a(__printf_core.o)
 .text          0x0000000000000000        0x0 d:/program files/microchip/xc8/v3.00/avr/bin/../lib/gcc/avr/5.4.0/../../../../avr/lib/avrxmega2/memx-const/mapped\libc.a(fputc.o)
 .data          0x0000000000000000        0x0 d:/program files/microchip/xc8/v3.00/avr/bin/../lib/gcc/avr/5.4.0/../../../../avr/lib/avrxmega2/memx-const/mapped\libc.a(fputc.o)
 .bss           0x0000000000000000        0x0 d:/program files/microchip/xc8/v3.00/avr/bin/../lib/gcc/avr/5.4.0/../../../../avr/lib/avrxmega2/memx-const/mapped\libc.a(fputc.o)
 .stack.descriptors
                0x0000000000000000       0x13 d:/program files/microchip/xc8/v3.00/avr/bin/../lib/gcc/avr/5.4.0/../../../../avr/lib/avrxmega2/memx-const/mapped\libc.a(fputc.o)
 .text          0x0000000000000000        0x0 d:/program files/microchip/xc8/v3.00/avr/bin/../lib/gcc/avr/5.4.0/../../../../avr/lib/avrxmega2/memx-const/mapped\libc.a(strlen.o)
 .data          0x0000000000000000        0x0 d:/program files/microchip/xc8/v3.00/avr/bin/../lib/gcc/avr/5.4.0/../../../../avr/lib/avrxmega2/memx-const/mapped\libc.a(strlen.o)
 .bss           0x0000000000000000        0x0 d:/program files/microchip/xc8/v3.00/avr/bin/../lib/gcc/avr/5.4.0/../../../../avr/lib/avrxmega2/memx-const/mapped\libc.a(strlen.o)
 .stack.descriptors
                0x0000000000000000       0x14 d:/program files/microchip/xc8/v3.00/avr/bin/../lib/gcc/avr/5.4.0/../../../../avr/lib/avrxmega2/memx-const/mapped\libc.a(strlen.o)
 .text          0x0000000000000000        0x0 d:/program files/microchip/xc8/v3.00/avr/bin/../lib/gcc/avr/5.4.0/../../../../avr/lib/avrxmega2/memx-const/mapped\libc.a(tolower.o)
 .data          0x0000000000000000        0x0 d:/program files/microchip/xc8/v3.00/avr/bin/../lib/gcc/avr/5.4.0/../../../../avr/lib/avrxmega2/memx-const/mapped\libc.a(tolower.o)
 .bss           0x0000000000000000        0x0 d:/program files/microchip/xc8/v3.00/avr/bin/../lib/gcc/avr/5.4.0/../../../../avr/lib/avrxmega2/memx-const/mapped\libc.a(tolower.o)
 .stack.descriptors
                0x0000000000000000       0x2e d:/program files/microchip/xc8/v3.00/avr/bin/../lib/gcc/avr/5.4.0/../../../../avr/lib/avrxmega2/memx-const/mapped\libc.a(tolower.o)
 .text.__tolower_l
                0x0000000000000000        0x6 d:/program files/microchip/xc8/v3.00/avr/bin/../lib/gcc/avr/5.4.0/../../../../avr/lib/avrxmega2/memx-const/mapped\libc.a(tolower.o)
 .text          0x0000000000000000        0x0 d:/program files/microchip/xc8/v3.00/avr/bin/../lib/gcc/avr/5.4.0/../../../../avr/lib/avrxmega2/memx-const/mapped\libc.a(toupper.o)
 .data          0x0000000000000000        0x0 d:/program files/microchip/xc8/v3.00/avr/bin/../lib/gcc/avr/5.4.0/../../../../avr/lib/avrxmega2/memx-const/mapped\libc.a(toupper.o)
 .bss           0x0000000000000000        0x0 d:/program files/microchip/xc8/v3.00/avr/bin/../lib/gcc/avr/5.4.0/../../../../avr/lib/avrxmega2/memx-const/mapped\libc.a(toupper.o)
 .stack.descriptors
                0x0000000000000000       0x2e d:/program files/microchip/xc8/v3.00/avr/bin/../lib/gcc/avr/5.4.0/../../../../avr/lib/avrxmega2/memx-const/mapped\libc.a(toupper.o)
 .text.__toupper_l
                0x0000000000000000        0x6 d:/program files/microchip/xc8/v3.00/avr/bin/../lib/gcc/avr/5.4.0/../../../../avr/lib/avrxmega2/memx-const/mapped\libc.a(toupper.o)
 .text          0x0000000000000000        0x0 d:/program files/microchip/xc8/v3.00/avr/bin/../lib/gcc/avr/5.4.0/../../../../avr/lib/avrxmega2/memx-const/mapped\libc.a(errno.o)
 .data          0x0000000000000000        0x0 d:/program files/microchip/xc8/v3.00/avr/bin/../lib/gcc/avr/5.4.0/../../../../avr/lib/avrxmega2/memx-const/mapped\libc.a(errno.o)
 .bss           0x0000000000000000        0x0 d:/program files/microchip/xc8/v3.00/avr/bin/../lib/gcc/avr/5.4.0/../../../../avr/lib/avrxmega2/memx-const/mapped\libc.a(errno.o)
 .text          0x0000000000000000        0x0 d:/program files/microchip/xc8/v3.00/avr/bin/../lib/gcc/avr/5.4.0/../../../../avr/lib/avrxmega2/memx-const/mapped\libc.a(_Exit.o)
 .data          0x0000000000000000        0x0 d:/program files/microchip/xc8/v3.00/avr/bin/../lib/gcc/avr/5.4.0/../../../../avr/lib/avrxmega2/memx-const/mapped\libc.a(_Exit.o)
 .bss           0x0000000000000000        0x0 d:/program files/microchip/xc8/v3.00/avr/bin/../lib/gcc/avr/5.4.0/../../../../avr/lib/avrxmega2/memx-const/mapped\libc.a(_Exit.o)
 .stack.descriptors
                0x0000000000000000       0x13 d:/program files/microchip/xc8/v3.00/avr/bin/../lib/gcc/avr/5.4.0/../../../../avr/lib/avrxmega2/memx-const/mapped\libc.a(_Exit.o)
 .text          0x0000000000000000        0x0 d:/program files/microchip/xc8/v3.00/avr/bin/../lib/gcc/avr/5.4.0/../../../../avr/lib/avrxmega2/memx-const/mapped\libc.a(__int_vsprintf.o)
 .data          0x0000000000000000        0x0 d:/program files/microchip/xc8/v3.00/avr/bin/../lib/gcc/avr/5.4.0/../../../../avr/lib/avrxmega2/memx-const/mapped\libc.a(__int_vsprintf.o)
 .bss           0x0000000000000000        0x0 d:/program files/microchip/xc8/v3.00/avr/bin/../lib/gcc/avr/5.4.0/../../../../avr/lib/avrxmega2/memx-const/mapped\libc.a(__int_vsprintf.o)
 .stack.descriptors
                0x0000000000000000       0x18 d:/program files/microchip/xc8/v3.00/avr/bin/../lib/gcc/avr/5.4.0/../../../../avr/lib/avrxmega2/memx-const/mapped\libc.a(__int_vsprintf.o)
 .text          0x0000000000000000        0x0 d:/program files/microchip/xc8/v3.00/avr/bin/../lib/gcc/avr/5.4.0/../../../../avr/lib/avrxmega2/memx-const/mapped\libc.a(__int_vsnprintf.o)
 .data          0x0000000000000000        0x0 d:/program files/microchip/xc8/v3.00/avr/bin/../lib/gcc/avr/5.4.0/../../../../avr/lib/avrxmega2/memx-const/mapped\libc.a(__int_vsnprintf.o)
 .bss           0x0000000000000000        0x0 d:/program files/microchip/xc8/v3.00/avr/bin/../lib/gcc/avr/5.4.0/../../../../avr/lib/avrxmega2/memx-const/mapped\libc.a(__int_vsnprintf.o)
 .stack.descriptors
                0x0000000000000000       0x19 d:/program files/microchip/xc8/v3.00/avr/bin/../lib/gcc/avr/5.4.0/../../../../avr/lib/avrxmega2/memx-const/mapped\libc.a(__int_vsnprintf.o)
 .text          0x0000000000000000        0x0 d:/program files/microchip/xc8/v3.00/avr/bin/../lib/gcc/avr/5.4.0/../../../../avr/lib/avrxmega2/memx-const/mapped\libc.a(__int_vfprintf.o)
 .data          0x0000000000000000        0x0 d:/program files/microchip/xc8/v3.00/avr/bin/../lib/gcc/avr/5.4.0/../../../../avr/lib/avrxmega2/memx-const/mapped\libc.a(__int_vfprintf.o)
 .bss           0x0000000000000000        0x0 d:/program files/microchip/xc8/v3.00/avr/bin/../lib/gcc/avr/5.4.0/../../../../avr/lib/avrxmega2/memx-const/mapped\libc.a(__int_vfprintf.o)
 .stack.descriptors
                0x0000000000000000       0x18 d:/program files/microchip/xc8/v3.00/avr/bin/../lib/gcc/avr/5.4.0/../../../../avr/lib/avrxmega2/memx-const/mapped\libc.a(__int_vfprintf.o)
 .text          0x0000000000000000        0x0 d:/program files/microchip/xc8/v3.00/avr/bin/../lib/gcc/avr/5.4.0/avrxmega2/memx-const/mapped\libgcc.a(_udivmodsi4.o)
 .data          0x0000000000000000        0x0 d:/program files/microchip/xc8/v3.00/avr/bin/../lib/gcc/avr/5.4.0/avrxmega2/memx-const/mapped\libgcc.a(_udivmodsi4.o)
 .bss           0x0000000000000000        0x0 d:/program files/microchip/xc8/v3.00/avr/bin/../lib/gcc/avr/5.4.0/avrxmega2/memx-const/mapped\libgcc.a(_udivmodsi4.o)
 .text.libgcc.mul
                0x0000000000000000        0x0 d:/program files/microchip/xc8/v3.00/avr/bin/../lib/gcc/avr/5.4.0/avrxmega2/memx-const/mapped\libgcc.a(_udivmodsi4.o)
 .stack.descriptors
                0x0000000000000000       0x1a d:/program files/microchip/xc8/v3.00/avr/bin/../lib/gcc/avr/5.4.0/avrxmega2/memx-const/mapped\libgcc.a(_udivmodsi4.o)
 .text.libgcc   0x0000000000000000        0x0 d:/program files/microchip/xc8/v3.00/avr/bin/../lib/gcc/avr/5.4.0/avrxmega2/memx-const/mapped\libgcc.a(_udivmodsi4.o)
 .text.libgcc.prologue
                0x0000000000000000        0x0 d:/program files/microchip/xc8/v3.00/avr/bin/../lib/gcc/avr/5.4.0/avrxmega2/memx-const/mapped\libgcc.a(_udivmodsi4.o)
 .text.libgcc.builtins
                0x0000000000000000        0x0 d:/program files/microchip/xc8/v3.00/avr/bin/../lib/gcc/avr/5.4.0/avrxmega2/memx-const/mapped\libgcc.a(_udivmodsi4.o)
 .text.libgcc.fmul
                0x0000000000000000        0x0 d:/program files/microchip/xc8/v3.00/avr/bin/../lib/gcc/avr/5.4.0/avrxmega2/memx-const/mapped\libgcc.a(_udivmodsi4.o)
 .text.libgcc.fixed
                0x0000000000000000        0x0 d:/program files/microchip/xc8/v3.00/avr/bin/../lib/gcc/avr/5.4.0/avrxmega2/memx-const/mapped\libgcc.a(_udivmodsi4.o)
 .text          0x0000000000000000        0x0 d:/program files/microchip/xc8/v3.00/avr/bin/../lib/gcc/avr/5.4.0/avrxmega2/memx-const/mapped\libgcc.a(_exit.o)
 .data          0x0000000000000000        0x0 d:/program files/microchip/xc8/v3.00/avr/bin/../lib/gcc/avr/5.4.0/avrxmega2/memx-const/mapped\libgcc.a(_exit.o)
 .bss           0x0000000000000000        0x0 d:/program files/microchip/xc8/v3.00/avr/bin/../lib/gcc/avr/5.4.0/avrxmega2/memx-const/mapped\libgcc.a(_exit.o)
 .text.libgcc.mul
                0x0000000000000000        0x0 d:/program files/microchip/xc8/v3.00/avr/bin/../lib/gcc/avr/5.4.0/avrxmega2/memx-const/mapped\libgcc.a(_exit.o)
 .text.libgcc.div
                0x0000000000000000        0x0 d:/program files/microchip/xc8/v3.00/avr/bin/../lib/gcc/avr/5.4.0/avrxmega2/memx-const/mapped\libgcc.a(_exit.o)
 .text.libgcc   0x0000000000000000        0x0 d:/program files/microchip/xc8/v3.00/avr/bin/../lib/gcc/avr/5.4.0/avrxmega2/memx-const/mapped\libgcc.a(_exit.o)
 .text.libgcc.prologue
                0x0000000000000000        0x0 d:/program files/microchip/xc8/v3.00/avr/bin/../lib/gcc/avr/5.4.0/avrxmega2/memx-const/mapped\libgcc.a(_exit.o)
 .stack.descriptors
                0x0000000000000000       0x13 d:/program files/microchip/xc8/v3.00/avr/bin/../lib/gcc/avr/5.4.0/avrxmega2/memx-const/mapped\libgcc.a(_exit.o)
 .text.libgcc.builtins
                0x0000000000000000        0x0 d:/program files/microchip/xc8/v3.00/avr/bin/../lib/gcc/avr/5.4.0/avrxmega2/memx-const/mapped\libgcc.a(_exit.o)
 .text.libgcc.fmul
                0x0000000000000000        0x0 d:/program files/microchip/xc8/v3.00/avr/bin/../lib/gcc/avr/5.4.0/avrxmega2/memx-const/mapped\libgcc.a(_exit.o)
 .text.libgcc.fixed
                0x0000000000000000        0x0 d:/program files/microchip/xc8/v3.00/avr/bin/../lib/gcc/avr/5.4.0/avrxmega2/memx-const/mapped\libgcc.a(_exit.o)
 .text          0x0000000000000000        0x0 d:/program files/microchip/xc8/v3.00/avr/bin/../lib/gcc/avr/5.4.0/avrxmega2/memx-const/mapped\libgcc.a(_prologue.o)
 .data          0x0000000000000000        0x0 d:/program files/microchip/xc8/v3.00/avr/bin/../lib/gcc/avr/5.4.0/avrxmega2/memx-const/mapped\libgcc.a(_prologue.o)
 .bss           0x0000000000000000        0x0 d:/program files/microchip/xc8/v3.00/avr/bin/../lib/gcc/avr/5.4.0/avrxmega2/memx-const/mapped\libgcc.a(_prologue.o)
 .text.libgcc.mul
                0x0000000000000000        0x0 d:/program files/microchip/xc8/v3.00/avr/bin/../lib/gcc/avr/5.4.0/avrxmega2/memx-const/mapped\libgcc.a(_prologue.o)
 .text.libgcc.div
                0x0000000000000000        0x0 d:/program files/microchip/xc8/v3.00/avr/bin/../lib/gcc/avr/5.4.0/avrxmega2/memx-const/mapped\libgcc.a(_prologue.o)
 .text.libgcc   0x0000000000000000        0x0 d:/program files/microchip/xc8/v3.00/avr/bin/../lib/gcc/avr/5.4.0/avrxmega2/memx-const/mapped\libgcc.a(_prologue.o)
 .text.libgcc.builtins
                0x0000000000000000        0x0 d:/program files/microchip/xc8/v3.00/avr/bin/../lib/gcc/avr/5.4.0/avrxmega2/memx-const/mapped\libgcc.a(_prologue.o)
 .text.libgcc.fmul
                0x0000000000000000        0x0 d:/program files/microchip/xc8/v3.00/avr/bin/../lib/gcc/avr/5.4.0/avrxmega2/memx-const/mapped\libgcc.a(_prologue.o)
 .text.libgcc.fixed
                0x0000000000000000        0x0 d:/program files/microchip/xc8/v3.00/avr/bin/../lib/gcc/avr/5.4.0/avrxmega2/memx-const/mapped\libgcc.a(_prologue.o)
 .text          0x0000000000000000        0x0 d:/program files/microchip/xc8/v3.00/avr/bin/../lib/gcc/avr/5.4.0/avrxmega2/memx-const/mapped\libgcc.a(_epilogue.o)
 .data          0x0000000000000000        0x0 d:/program files/microchip/xc8/v3.00/avr/bin/../lib/gcc/avr/5.4.0/avrxmega2/memx-const/mapped\libgcc.a(_epilogue.o)
 .bss           0x0000000000000000        0x0 d:/program files/microchip/xc8/v3.00/avr/bin/../lib/gcc/avr/5.4.0/avrxmega2/memx-const/mapped\libgcc.a(_epilogue.o)
 .text.libgcc.mul
                0x0000000000000000        0x0 d:/program files/microchip/xc8/v3.00/avr/bin/../lib/gcc/avr/5.4.0/avrxmega2/memx-const/mapped\libgcc.a(_epilogue.o)
 .text.libgcc.div
                0x0000000000000000        0x0 d:/program files/microchip/xc8/v3.00/avr/bin/../lib/gcc/avr/5.4.0/avrxmega2/memx-const/mapped\libgcc.a(_epilogue.o)
 .text.libgcc   0x0000000000000000        0x0 d:/program files/microchip/xc8/v3.00/avr/bin/../lib/gcc/avr/5.4.0/avrxmega2/memx-const/mapped\libgcc.a(_epilogue.o)
 .text.libgcc.builtins
                0x0000000000000000        0x0 d:/program files/microchip/xc8/v3.00/avr/bin/../lib/gcc/avr/5.4.0/avrxmega2/memx-const/mapped\libgcc.a(_epilogue.o)
 .text.libgcc.fmul
                0x0000000000000000        0x0 d:/program files/microchip/xc8/v3.00/avr/bin/../lib/gcc/avr/5.4.0/avrxmega2/memx-const/mapped\libgcc.a(_epilogue.o)
 .text.libgcc.fixed
                0x0000000000000000        0x0 d:/program files/microchip/xc8/v3.00/avr/bin/../lib/gcc/avr/5.4.0/avrxmega2/memx-const/mapped\libgcc.a(_epilogue.o)

Memory Configuration

Name             Origin             Length             Attributes
text             0x0000000000000000 0x0000000000010000 xr
data             0x0000000000806000 0x0000000000002000 rw !x
eeprom           0x0000000000810000 0x0000000000000100 rw !x
fuse             0x0000000000820000 0x0000000000000010 rw !x
lock             0x0000000000830000 0x0000000000000400 rw !x
signature        0x0000000000840000 0x0000000000000400 rw !x
user_signatures  0x0000000000850000 0x0000000000000400 rw !x
bootrow          0x0000000000860000 0x0000000000000400 rw !x
*default*        0x0000000000000000 0xffffffffffffffff

Linker script and memory map

Address of section .data set to 0x806000
                0x0000000000008000                __RODATA_PM_OFFSET__ = 0x8000
LOAD D:/Program Files/Microchip/MPLABX/v6.20/packs/Microchip/AVR-Dx_DFP/2.4.286/xc8/avr/lib/avrxmega2/memx-const/mapped/crtavr64dd32.o
                0x0000000000000001                __MPLAB_BUILD = 0x1
LOAD build/default/debug/mcc_generated_files/examples/UART_Example/uart_example.o
LOAD build/default/debug/mcc_generated_files/system/src/system.o
LOAD build/default/debug/mcc_generated_files/system/src/protected_io.o
LOAD build/default/debug/mcc_generated_files/system/src/interrupt.o
LOAD build/default/debug/mcc_generated_files/system/src/clock.o
LOAD build/default/debug/mcc_generated_files/system/src/config_bits.o
LOAD build/default/debug/mcc_generated_files/system/src/pins.o
LOAD build/default/debug/mcc_generated_files/timer/src/tcb0.o
LOAD build/default/debug/mcc_generated_files/uart/src/usart0.o
LOAD build/default/debug/main.o
START GROUP
LOAD d:/program files/microchip/xc8/v3.00/avr/bin/../lib/gcc/avr/5.4.0/../../../../avr/lib/avrxmega2/memx-const/mapped\libm.a
END GROUP
                0x0000000000000001                __MPLAB_DEBUG = 0x1
                0x0000000000000001                __DEBUG = 0x1
START GROUP
LOAD d:/program files/microchip/xc8/v3.00/avr/bin/../lib/gcc/avr/5.4.0/avrxmega2/memx-const/mapped\libgcc.a
LOAD d:/program files/microchip/xc8/v3.00/avr/bin/../lib/gcc/avr/5.4.0/../../../../avr/lib/avrxmega2/memx-const/mapped\libm.a
LOAD d:/program files/microchip/xc8/v3.00/avr/bin/../lib/gcc/avr/5.4.0/../../../../avr/lib/avrxmega2/memx-const/mapped\libc.a
LOAD D:/Program Files/Microchip/MPLABX/v6.20/packs/Microchip/AVR-Dx_DFP/2.4.286/xc8/avr/lib/avrxmega2/memx-const/mapped\libavr64dd32.a
END GROUP
                [0x0000000000000000]                __TEXT_REGION_ORIGIN__ = DEFINED (__TEXT_REGION_ORIGIN__)?__TEXT_REGION_ORIGIN__:0x0
                [0x0000000000806000]                __DATA_REGION_ORIGIN__ = DEFINED (__DATA_REGION_ORIGIN__)?__DATA_REGION_ORIGIN__:0x802000
                [0x0000000000010000]                __TEXT_REGION_LENGTH__ = DEFINED (__TEXT_REGION_LENGTH__)?__TEXT_REGION_LENGTH__:0x100000
                [0x0000000000002000]                __DATA_REGION_LENGTH__ = DEFINED (__DATA_REGION_LENGTH__)?__DATA_REGION_LENGTH__:0xffa0
                [0x0000000000000100]                __EEPROM_REGION_LENGTH__ = DEFINED (__EEPROM_REGION_LENGTH__)?__EEPROM_REGION_LENGTH__:0x10000
                [0x0000000000000010]                __FUSE_REGION_LENGTH__ = DEFINED (__FUSE_REGION_LENGTH__)?__FUSE_REGION_LENGTH__:0x400
                0x0000000000000400                __LOCK_REGION_LENGTH__ = DEFINED (__LOCK_REGION_LENGTH__)?__LOCK_REGION_LENGTH__:0x400
                0x0000000000000400                __SIGNATURE_REGION_LENGTH__ = DEFINED (__SIGNATURE_REGION_LENGTH__)?__SIGNATURE_REGION_LENGTH__:0x400
                0x0000000000000400                __USER_SIGNATURE_REGION_LENGTH__ = DEFINED (__USER_SIGNATURE_REGION_LENGTH__)?__USER_SIGNATURE_REGION_LENGTH__:0x400
                0x0000000000000400                __BOOTROW_REGION_LENGTH__ = DEFINED (__BOOTROW_REGION_LENGTH__)?__BOOTROW_REGION_LENGTH__:0x400

.hash
 *(.hash)

.dynsym
 *(.dynsym)

.dynstr
 *(.dynstr)

.gnu.version
 *(.gnu.version)

.gnu.version_d
 *(.gnu.version_d)

.gnu.version_r
 *(.gnu.version_r)

.rel.init
 *(.rel.init)

.rela.init
 *(.rela.init)

.rel.text
 *(.rel.text)
 *(.rel.text.*)
 *(.rel.gnu.linkonce.t*)

.rela.text
 *(.rela.text)
 *(.rela.text.*)
 *(.rela.gnu.linkonce.t*)

.rel.fini
 *(.rel.fini)

.rela.fini
 *(.rela.fini)

.rel.rodata
 *(.rel.rodata)
 *(.rel.rodata.*)
 *(.rel.gnu.linkonce.r*)

.rela.rodata
 *(.rela.rodata)
 *(.rela.rodata.*)
 *(.rela.gnu.linkonce.r*)

.rel.data
 *(.rel.data)
 *(.rel.data.*)
 *(.rel.gnu.linkonce.d*)

.rela.data
 *(.rela.data)
 *(.rela.data.*)
 *(.rela.gnu.linkonce.d*)

.rel.ctors
 *(.rel.ctors)

.rela.ctors
 *(.rela.ctors)

.rel.dtors
 *(.rel.dtors)

.rela.dtors
 *(.rela.dtors)

.rel.got
 *(.rel.got)

.rela.got
 *(.rela.got)

.rel.bss
 *(.rel.bss)

.rela.bss
 *(.rela.bss)

.rel.plt
 *(.rel.plt)

.rela.plt
 *(.rela.plt)

.text           0x0000000000000000      0x108
 *(.vectors)
 .vectors       0x0000000000000000       0x90 D:/Program Files/Microchip/MPLABX/v6.20/packs/Microchip/AVR-Dx_DFP/2.4.286/xc8/avr/lib/avrxmega2/memx-const/mapped/crtavr64dd32.o
                0x0000000000000000                __vector_default
                0x0000000000000000                __vectors
 *(.vectors)
 *(.progmem.gcc*)
 *(.dinit)
 .dinit         0x0000000000000090       0x11 data_init
                0x00000000000000a2                . = ALIGN (0x2)
 *fill*         0x00000000000000a1        0x1 
                0x00000000000000a2                __trampolines_start = .
 *(.trampolines)
 .trampolines   0x00000000000000a2        0x0 linker stubs
 *(.trampolines*)
                0x00000000000000a2                __trampolines_end = .
 *libprintf_flt.a:*(.progmem.data)
 *libc.a:*(.progmem.data)
                0x00000000000000a2                . = ALIGN (0x2)
 *(.jumptables)
 *(.jumptables*)
 *(.lowtext)
 *(.lowtext*)
                0x00000000000000a2                __ctors_start = .
 *(.ctors)
                0x00000000000000a2                __ctors_end = .
                0x00000000000000a2                __dtors_start = .
 *(.dtors)
                0x00000000000000a2                __dtors_end = .
 SORT(*)(.ctors)
 SORT(*)(.dtors)
 *(.init0)
 .init0         0x00000000000000a2        0x0 D:/Program Files/Microchip/MPLABX/v6.20/packs/Microchip/AVR-Dx_DFP/2.4.286/xc8/avr/lib/avrxmega2/memx-const/mapped/crtavr64dd32.o
                0x00000000000000a2                __init
 *(.init0)
 *(.init1)
 .init1         0x00000000000000a2       0x12 D:/Program Files/Microchip/MPLABX/v6.20/packs/Microchip/AVR-Dx_DFP/2.4.286/xc8/avr/lib/avrxmega2/memx-const/mapped/crtavr64dd32.o
 *(.init1)
 *(.init2)
 .init2         0x00000000000000b4        0xc D:/Program Files/Microchip/MPLABX/v6.20/packs/Microchip/AVR-Dx_DFP/2.4.286/xc8/avr/lib/avrxmega2/memx-const/mapped/crtavr64dd32.o
 *(.init2)
 *(.init3)
 *(.init3)
 *(.init4)
 .init4         0x00000000000000c0       0x3c d:/program files/microchip/xc8/v3.00/avr/bin/../lib/gcc/avr/5.4.0/avrxmega2/memx-const/mapped\libgcc.a(_copy_data.o)
                0x00000000000000c0                __do_copy_data
                0x00000000000000ee                __do_clear_bss
 *(.init4)
 *(.init5)
 *(.init5)
 *(.init6)
 *(.init6)
 *(.init7)
 *(.init7)
 *(.init8)
 *(.init8)
 *(.init9)
 .init9         0x00000000000000fc        0x8 D:/Program Files/Microchip/MPLABX/v6.20/packs/Microchip/AVR-Dx_DFP/2.4.286/xc8/avr/lib/avrxmega2/memx-const/mapped/crtavr64dd32.o
 *(.init9)
                0x0000000000000104                . = ALIGN (0x2)
 *(.fini9)
 .fini9         0x0000000000000104        0x0 d:/program files/microchip/xc8/v3.00/avr/bin/../lib/gcc/avr/5.4.0/avrxmega2/memx-const/mapped\libgcc.a(_exit.o)
                0x0000000000000104                _exit
 *(.fini9)
 *(.fini8)
 *(.fini8)
 *(.fini7)
 *(.fini7)
 *(.fini6)
 *(.fini6)
 *(.fini5)
 *(.fini5)
 *(.fini4)
 *(.fini4)
 *(.fini3)
 *(.fini3)
 *(.fini2)
 *(.fini2)
 *(.fini1)
 *(.fini1)
 *(.fini0)
 .fini0         0x0000000000000104        0x4 d:/program files/microchip/xc8/v3.00/avr/bin/../lib/gcc/avr/5.4.0/avrxmega2/memx-const/mapped\libgcc.a(_exit.o)
 *(.fini0)
                0x0000000000000108                _etext = .

.data           0x0000000000806000        0x0 load address 0x0000000000000108
                [!provide]                        PROVIDE (__data_start, .)
 *(.gnu.linkonce.d*)
 *(.gnu.linkonce.r*)
                0x0000000000806000                . = ALIGN (0x2)
                0x0000000000806000                _edata = .
                [!provide]                        PROVIDE (__data_end, .)

.bss            0x0000000000806000        0x2
                [!provide]                        PROVIDE (__bss_start, .)
 *(COMMON)
 COMMON         0x0000000000806000        0x2 d:/program files/microchip/xc8/v3.00/avr/bin/../lib/gcc/avr/5.4.0/../../../../avr/lib/avrxmega2/memx-const/mapped\libc.a(errno.o)
                0x0000000000806000                __errno_val
                [!provide]                        PROVIDE (__bss_end, .)
                0x0000000000000108                __data_load_start = LOADADDR (.data)
                0x0000000000000108                __data_load_end = (__data_load_start + SIZEOF (.data))

.noinit         0x0000000000806002        0x0
                [!provide]                        PROVIDE (__noinit_start, .)
 *(.noinit*)
                [!provide]                        PROVIDE (__noinit_end, .)
                0x0000000000806002                _end = .

.eeprom         0x0000000000810000        0x0
 *(.eeprom*)
                0x0000000000810000                __eeprom_end = .

.fuse           0x0000000000820000        0x9
 *(.fuse)
 .fuse          0x0000000000820000        0x9 build/default/debug/mcc_generated_files/system/src/config_bits.o
                0x0000000000820000                __fuse
 *(.lfuse)
 *(.hfuse)
 *(.efuse)

.lock
 *(.lock*)

.signature
 *(.signature*)

.user_signatures
 *(.user_signatures*)

.bootrow
 *(.bootrow*)

.stab
 *(.stab)

.stabstr
 *(.stabstr)

.stab.excl
 *(.stab.excl)

.stab.exclstr
 *(.stab.exclstr)

.stab.index
 *(.stab.index)

.stab.indexstr
 *(.stab.indexstr)

.comment        0x0000000000000000       0x5b
 *(.comment)
 .comment       0x0000000000000000       0x2f build/default/debug/mcc_generated_files/system/src/system.o
                                         0x30 (size before relaxing)
 .comment       0x000000000000002f       0x30 build/default/debug/mcc_generated_files/system/src/interrupt.o
 .comment       0x000000000000002f       0x30 build/default/debug/mcc_generated_files/system/src/clock.o
 .comment       0x000000000000002f       0x30 build/default/debug/mcc_generated_files/system/src/config_bits.o
 .comment       0x000000000000002f       0x30 build/default/debug/mcc_generated_files/system/src/pins.o
 .comment       0x000000000000002f       0x30 build/default/debug/mcc_generated_files/timer/src/tcb0.o
 .comment       0x000000000000002f       0x30 build/default/debug/mcc_generated_files/uart/src/usart0.o
 .comment       0x000000000000002f       0x30 build/default/debug/main.o
 .comment       0x000000000000002f       0x2c d:/program files/microchip/xc8/v3.00/avr/bin/../lib/gcc/avr/5.4.0/../../../../avr/lib/avrxmega2/memx-const/mapped\libc.a(exit.o)
                                         0x2d (size before relaxing)
 .comment       0x000000000000005b       0x2d d:/program files/microchip/xc8/v3.00/avr/bin/../lib/gcc/avr/5.4.0/../../../../avr/lib/avrxmega2/memx-const/mapped\libc.a(__sio_sprintf_doux.o)
 .comment       0x000000000000005b       0x2d d:/program files/microchip/xc8/v3.00/avr/bin/../lib/gcc/avr/5.4.0/../../../../avr/lib/avrxmega2/memx-const/mapped\libc.a(__fmt_d.o)
 .comment       0x000000000000005b       0x2d d:/program files/microchip/xc8/v3.00/avr/bin/../lib/gcc/avr/5.4.0/../../../../avr/lib/avrxmega2/memx-const/mapped\libc.a(__fmt_o.o)
 .comment       0x000000000000005b       0x2d d:/program files/microchip/xc8/v3.00/avr/bin/../lib/gcc/avr/5.4.0/../../../../avr/lib/avrxmega2/memx-const/mapped\libc.a(__fmt_s.o)
 .comment       0x000000000000005b       0x2d d:/program files/microchip/xc8/v3.00/avr/bin/../lib/gcc/avr/5.4.0/../../../../avr/lib/avrxmega2/memx-const/mapped\libc.a(__fmt_u.o)
 .comment       0x000000000000005b       0x2d d:/program files/microchip/xc8/v3.00/avr/bin/../lib/gcc/avr/5.4.0/../../../../avr/lib/avrxmega2/memx-const/mapped\libc.a(__fmt_x.o)
 .comment       0x000000000000005b       0x2d d:/program files/microchip/xc8/v3.00/avr/bin/../lib/gcc/avr/5.4.0/../../../../avr/lib/avrxmega2/memx-const/mapped\libc.a(__pop_int.o)
 .comment       0x000000000000005b       0x2d d:/program files/microchip/xc8/v3.00/avr/bin/../lib/gcc/avr/5.4.0/../../../../avr/lib/avrxmega2/memx-const/mapped\libc.a(__printf_core.o)
 .comment       0x000000000000005b       0x2d d:/program files/microchip/xc8/v3.00/avr/bin/../lib/gcc/avr/5.4.0/../../../../avr/lib/avrxmega2/memx-const/mapped\libc.a(fputc.o)
 .comment       0x000000000000005b       0x2d d:/program files/microchip/xc8/v3.00/avr/bin/../lib/gcc/avr/5.4.0/../../../../avr/lib/avrxmega2/memx-const/mapped\libc.a(strlen.o)
 .comment       0x000000000000005b       0x2d d:/program files/microchip/xc8/v3.00/avr/bin/../lib/gcc/avr/5.4.0/../../../../avr/lib/avrxmega2/memx-const/mapped\libc.a(tolower.o)
 .comment       0x000000000000005b       0x2d d:/program files/microchip/xc8/v3.00/avr/bin/../lib/gcc/avr/5.4.0/../../../../avr/lib/avrxmega2/memx-const/mapped\libc.a(toupper.o)
 .comment       0x000000000000005b       0x2d d:/program files/microchip/xc8/v3.00/avr/bin/../lib/gcc/avr/5.4.0/../../../../avr/lib/avrxmega2/memx-const/mapped\libc.a(errno.o)
 .comment       0x000000000000005b       0x2d d:/program files/microchip/xc8/v3.00/avr/bin/../lib/gcc/avr/5.4.0/../../../../avr/lib/avrxmega2/memx-const/mapped\libc.a(_Exit.o)
 .comment       0x000000000000005b       0x2d d:/program files/microchip/xc8/v3.00/avr/bin/../lib/gcc/avr/5.4.0/../../../../avr/lib/avrxmega2/memx-const/mapped\libc.a(__int_vsprintf.o)
 .comment       0x000000000000005b       0x2d d:/program files/microchip/xc8/v3.00/avr/bin/../lib/gcc/avr/5.4.0/../../../../avr/lib/avrxmega2/memx-const/mapped\libc.a(__int_vsnprintf.o)
 .comment       0x000000000000005b       0x2d d:/program files/microchip/xc8/v3.00/avr/bin/../lib/gcc/avr/5.4.0/../../../../avr/lib/avrxmega2/memx-const/mapped\libc.a(__int_vfprintf.o)

.stack.descriptors.hdr
                0x0000000000000000      0x118
 .stack.descriptors.hdr
                0x0000000000000000        0xe d:/program files/microchip/xc8/v3.00/avr/bin/../lib/gcc/avr/5.4.0/../../../../avr/lib/avrxmega2/memx-const/mapped\libc.a(exit.o)
 .stack.descriptors.hdr
                0x000000000000000e        0xe d:/program files/microchip/xc8/v3.00/avr/bin/../lib/gcc/avr/5.4.0/../../../../avr/lib/avrxmega2/memx-const/mapped\libc.a(__sio_sprintf_doux.o)
 .stack.descriptors.hdr
                0x000000000000001c        0xe d:/program files/microchip/xc8/v3.00/avr/bin/../lib/gcc/avr/5.4.0/../../../../avr/lib/avrxmega2/memx-const/mapped\libc.a(__fmt_d.o)
 .stack.descriptors.hdr
                0x000000000000002a        0xe d:/program files/microchip/xc8/v3.00/avr/bin/../lib/gcc/avr/5.4.0/../../../../avr/lib/avrxmega2/memx-const/mapped\libc.a(__fmt_o.o)
 .stack.descriptors.hdr
                0x0000000000000038        0xe d:/program files/microchip/xc8/v3.00/avr/bin/../lib/gcc/avr/5.4.0/../../../../avr/lib/avrxmega2/memx-const/mapped\libc.a(__fmt_s.o)
 .stack.descriptors.hdr
                0x0000000000000046        0xe d:/program files/microchip/xc8/v3.00/avr/bin/../lib/gcc/avr/5.4.0/../../../../avr/lib/avrxmega2/memx-const/mapped\libc.a(__fmt_u.o)
 .stack.descriptors.hdr
                0x0000000000000054        0xe d:/program files/microchip/xc8/v3.00/avr/bin/../lib/gcc/avr/5.4.0/../../../../avr/lib/avrxmega2/memx-const/mapped\libc.a(__fmt_x.o)
 .stack.descriptors.hdr
                0x0000000000000062        0xe d:/program files/microchip/xc8/v3.00/avr/bin/../lib/gcc/avr/5.4.0/../../../../avr/lib/avrxmega2/memx-const/mapped\libc.a(__pop_int.o)
 .stack.descriptors.hdr
                0x0000000000000070        0xe d:/program files/microchip/xc8/v3.00/avr/bin/../lib/gcc/avr/5.4.0/../../../../avr/lib/avrxmega2/memx-const/mapped\libc.a(__printf_core.o)
 .stack.descriptors.hdr
                0x000000000000007e        0xe d:/program files/microchip/xc8/v3.00/avr/bin/../lib/gcc/avr/5.4.0/../../../../avr/lib/avrxmega2/memx-const/mapped\libc.a(fputc.o)
 .stack.descriptors.hdr
                0x000000000000008c        0xe d:/program files/microchip/xc8/v3.00/avr/bin/../lib/gcc/avr/5.4.0/../../../../avr/lib/avrxmega2/memx-const/mapped\libc.a(strlen.o)
 .stack.descriptors.hdr
                0x000000000000009a        0xe d:/program files/microchip/xc8/v3.00/avr/bin/../lib/gcc/avr/5.4.0/../../../../avr/lib/avrxmega2/memx-const/mapped\libc.a(tolower.o)
 .stack.descriptors.hdr
                0x00000000000000a8        0xe d:/program files/microchip/xc8/v3.00/avr/bin/../lib/gcc/avr/5.4.0/../../../../avr/lib/avrxmega2/memx-const/mapped\libc.a(toupper.o)
 .stack.descriptors.hdr
                0x00000000000000b6        0xe d:/program files/microchip/xc8/v3.00/avr/bin/../lib/gcc/avr/5.4.0/../../../../avr/lib/avrxmega2/memx-const/mapped\libc.a(errno.o)
 .stack.descriptors.hdr
                0x00000000000000c4        0xe d:/program files/microchip/xc8/v3.00/avr/bin/../lib/gcc/avr/5.4.0/../../../../avr/lib/avrxmega2/memx-const/mapped\libc.a(_Exit.o)
 .stack.descriptors.hdr
                0x00000000000000d2        0xe d:/program files/microchip/xc8/v3.00/avr/bin/../lib/gcc/avr/5.4.0/../../../../avr/lib/avrxmega2/memx-const/mapped\libc.a(__int_vsprintf.o)
 .stack.descriptors.hdr
                0x00000000000000e0        0xe d:/program files/microchip/xc8/v3.00/avr/bin/../lib/gcc/avr/5.4.0/../../../../avr/lib/avrxmega2/memx-const/mapped\libc.a(__int_vsnprintf.o)
 .stack.descriptors.hdr
                0x00000000000000ee        0xe d:/program files/microchip/xc8/v3.00/avr/bin/../lib/gcc/avr/5.4.0/../../../../avr/lib/avrxmega2/memx-const/mapped\libc.a(__int_vfprintf.o)
 .stack.descriptors.hdr
                0x00000000000000fc        0xe d:/program files/microchip/xc8/v3.00/avr/bin/../lib/gcc/avr/5.4.0/avrxmega2/memx-const/mapped\libgcc.a(_udivmodsi4.o)
 .stack.descriptors.hdr
                0x000000000000010a        0xe d:/program files/microchip/xc8/v3.00/avr/bin/../lib/gcc/avr/5.4.0/avrxmega2/memx-const/mapped\libgcc.a(_exit.o)

.note.GNU-stack
                0x0000000000000000        0x0
 .note.GNU-stack
                0x0000000000000000        0x0 d:/program files/microchip/xc8/v3.00/avr/bin/../lib/gcc/avr/5.4.0/../../../../avr/lib/avrxmega2/memx-const/mapped\libc.a(exit.o)
 .note.GNU-stack
                0x0000000000000000        0x0 d:/program files/microchip/xc8/v3.00/avr/bin/../lib/gcc/avr/5.4.0/../../../../avr/lib/avrxmega2/memx-const/mapped\libc.a(__sio_sprintf_doux.o)
 .note.GNU-stack
                0x0000000000000000        0x0 d:/program files/microchip/xc8/v3.00/avr/bin/../lib/gcc/avr/5.4.0/../../../../avr/lib/avrxmega2/memx-const/mapped\libc.a(__fmt_d.o)
 .note.GNU-stack
                0x0000000000000000        0x0 d:/program files/microchip/xc8/v3.00/avr/bin/../lib/gcc/avr/5.4.0/../../../../avr/lib/avrxmega2/memx-const/mapped\libc.a(__fmt_o.o)
 .note.GNU-stack
                0x0000000000000000        0x0 d:/program files/microchip/xc8/v3.00/avr/bin/../lib/gcc/avr/5.4.0/../../../../avr/lib/avrxmega2/memx-const/mapped\libc.a(__fmt_s.o)
 .note.GNU-stack
                0x0000000000000000        0x0 d:/program files/microchip/xc8/v3.00/avr/bin/../lib/gcc/avr/5.4.0/../../../../avr/lib/avrxmega2/memx-const/mapped\libc.a(__fmt_u.o)
 .note.GNU-stack
                0x0000000000000000        0x0 d:/program files/microchip/xc8/v3.00/avr/bin/../lib/gcc/avr/5.4.0/../../../../avr/lib/avrxmega2/memx-const/mapped\libc.a(__fmt_x.o)
 .note.GNU-stack
                0x0000000000000000        0x0 d:/program files/microchip/xc8/v3.00/avr/bin/../lib/gcc/avr/5.4.0/../../../../avr/lib/avrxmega2/memx-const/mapped\libc.a(__pop_int.o)
 .note.GNU-stack
                0x0000000000000000        0x0 d:/program files/microchip/xc8/v3.00/avr/bin/../lib/gcc/avr/5.4.0/../../../../avr/lib/avrxmega2/memx-const/mapped\libc.a(__printf_core.o)
 .note.GNU-stack
                0x0000000000000000        0x0 d:/program files/microchip/xc8/v3.00/avr/bin/../lib/gcc/avr/5.4.0/../../../../avr/lib/avrxmega2/memx-const/mapped\libc.a(fputc.o)
 .note.GNU-stack
                0x0000000000000000        0x0 d:/program files/microchip/xc8/v3.00/avr/bin/../lib/gcc/avr/5.4.0/../../../../avr/lib/avrxmega2/memx-const/mapped\libc.a(strlen.o)
 .note.GNU-stack
                0x0000000000000000        0x0 d:/program files/microchip/xc8/v3.00/avr/bin/../lib/gcc/avr/5.4.0/../../../../avr/lib/avrxmega2/memx-const/mapped\libc.a(tolower.o)
 .note.GNU-stack
                0x0000000000000000        0x0 d:/program files/microchip/xc8/v3.00/avr/bin/../lib/gcc/avr/5.4.0/../../../../avr/lib/avrxmega2/memx-const/mapped\libc.a(toupper.o)
 .note.GNU-stack
                0x0000000000000000        0x0 d:/program files/microchip/xc8/v3.00/avr/bin/../lib/gcc/avr/5.4.0/../../../../avr/lib/avrxmega2/memx-const/mapped\libc.a(errno.o)
 .note.GNU-stack
                0x0000000000000000        0x0 d:/program files/microchip/xc8/v3.00/avr/bin/../lib/gcc/avr/5.4.0/../../../../avr/lib/avrxmega2/memx-const/mapped\libc.a(_Exit.o)
 .note.GNU-stack
                0x0000000000000000        0x0 d:/program files/microchip/xc8/v3.00/avr/bin/../lib/gcc/avr/5.4.0/../../../../avr/lib/avrxmega2/memx-const/mapped\libc.a(__int_vsprintf.o)
 .note.GNU-stack
                0x0000000000000000        0x0 d:/program files/microchip/xc8/v3.00/avr/bin/../lib/gcc/avr/5.4.0/../../../../avr/lib/avrxmega2/memx-const/mapped\libc.a(__int_vsnprintf.o)
 .note.GNU-stack
                0x0000000000000000        0x0 d:/program files/microchip/xc8/v3.00/avr/bin/../lib/gcc/avr/5.4.0/../../../../avr/lib/avrxmega2/memx-const/mapped\libc.a(__int_vfprintf.o)

.note.gnu.build-id
 *(.note.gnu.build-id)

.debug
 *(.debug)

.line
 *(.line)

.debug_srcinfo
 *(.debug_srcinfo)

.debug_sfnames
 *(.debug_sfnames)

.debug_aranges  0x0000000000000000      0x2c0
 *(.debug_aranges)
 .debug_aranges
                0x0000000000000000       0x20 build/default/debug/mcc_generated_files/system/src/system.o
 .debug_aranges
                0x0000000000000020       0x20 build/default/debug/mcc_generated_files/system/src/protected_io.o
 .debug_aranges
                0x0000000000000040       0x20 build/default/debug/mcc_generated_files/system/src/interrupt.o
 .debug_aranges
                0x0000000000000060       0x30 build/default/debug/mcc_generated_files/system/src/clock.o
 .debug_aranges
                0x0000000000000090       0x18 build/default/debug/mcc_generated_files/system/src/config_bits.o
 .debug_aranges
                0x00000000000000a8       0x70 build/default/debug/mcc_generated_files/system/src/pins.o
 .debug_aranges
                0x0000000000000118       0x78 build/default/debug/mcc_generated_files/timer/src/tcb0.o
 .debug_aranges
                0x0000000000000190       0xd8 build/default/debug/mcc_generated_files/uart/src/usart0.o
 .debug_aranges
                0x0000000000000268       0x58 build/default/debug/main.o

.debug_pubnames
 *(.debug_pubnames)

.debug_info     0x0000000000000000     0x6fc9
 *(.debug_info .gnu.linkonce.wi.*)
 .debug_info    0x0000000000000000     0x22a4 D:/Program Files/Microchip/MPLABX/v6.20/packs/Microchip/AVR-Dx_DFP/2.4.286/xc8/avr/lib/avrxmega2/memx-const/mapped/crtavr64dd32.o
 .debug_info    0x00000000000022a4      0x339 build/default/debug/mcc_generated_files/system/src/system.o
 .debug_info    0x00000000000025dd       0x97 build/default/debug/mcc_generated_files/system/src/protected_io.o
 .debug_info    0x0000000000002674      0x41c build/default/debug/mcc_generated_files/system/src/interrupt.o
 .debug_info    0x0000000000002a90      0xf24 build/default/debug/mcc_generated_files/system/src/clock.o
 .debug_info    0x00000000000039b4      0x910 build/default/debug/mcc_generated_files/system/src/config_bits.o
 .debug_info    0x00000000000042c4      0x8ed build/default/debug/mcc_generated_files/system/src/pins.o
 .debug_info    0x0000000000004bb1      0x94b build/default/debug/mcc_generated_files/timer/src/tcb0.o
 .debug_info    0x00000000000054fc      0xd99 build/default/debug/mcc_generated_files/uart/src/usart0.o
 .debug_info    0x0000000000006295      0xd34 build/default/debug/main.o

.debug_abbrev   0x0000000000000000     0x2caf
 *(.debug_abbrev)
 .debug_abbrev  0x0000000000000000     0x20ce D:/Program Files/Microchip/MPLABX/v6.20/packs/Microchip/AVR-Dx_DFP/2.4.286/xc8/avr/lib/avrxmega2/memx-const/mapped/crtavr64dd32.o
 .debug_abbrev  0x00000000000020ce       0x58 build/default/debug/mcc_generated_files/system/src/system.o
 .debug_abbrev  0x0000000000002126       0x14 build/default/debug/mcc_generated_files/system/src/protected_io.o
 .debug_abbrev  0x000000000000213a       0xfa build/default/debug/mcc_generated_files/system/src/interrupt.o
 .debug_abbrev  0x0000000000002234      0x135 build/default/debug/mcc_generated_files/system/src/clock.o
 .debug_abbrev  0x0000000000002369       0x97 build/default/debug/mcc_generated_files/system/src/config_bits.o
 .debug_abbrev  0x0000000000002400      0x14a build/default/debug/mcc_generated_files/system/src/pins.o
 .debug_abbrev  0x000000000000254a      0x227 build/default/debug/mcc_generated_files/timer/src/tcb0.o
 .debug_abbrev  0x0000000000002771      0x2a3 build/default/debug/mcc_generated_files/uart/src/usart0.o
 .debug_abbrev  0x0000000000002a14      0x29b build/default/debug/main.o

.debug_line     0x0000000000000000     0x1662
 *(.debug_line .debug_line.* .debug_line_end)
 .debug_line    0x0000000000000000      0x1aa D:/Program Files/Microchip/MPLABX/v6.20/packs/Microchip/AVR-Dx_DFP/2.4.286/xc8/avr/lib/avrxmega2/memx-const/mapped/crtavr64dd32.o
 .debug_line    0x00000000000001aa      0x12e build/default/debug/mcc_generated_files/system/src/system.o
 .debug_line    0x00000000000002d8       0x6d build/default/debug/mcc_generated_files/system/src/protected_io.o
 .debug_line    0x0000000000000345      0x19b build/default/debug/mcc_generated_files/system/src/interrupt.o
 .debug_line    0x00000000000004e0      0x1cf build/default/debug/mcc_generated_files/system/src/clock.o
 .debug_line    0x00000000000006af      0x102 build/default/debug/mcc_generated_files/system/src/config_bits.o
 .debug_line    0x00000000000007b1      0x359 build/default/debug/mcc_generated_files/system/src/pins.o
 .debug_line    0x0000000000000b0a      0x2d5 build/default/debug/mcc_generated_files/timer/src/tcb0.o
 .debug_line    0x0000000000000ddf      0x495 build/default/debug/mcc_generated_files/uart/src/usart0.o
 .debug_line    0x0000000000001274      0x3ee build/default/debug/main.o

.debug_frame    0x0000000000000000      0x594
 *(.debug_frame)
 .debug_frame   0x0000000000000000       0x24 build/default/debug/mcc_generated_files/system/src/system.o
 .debug_frame   0x0000000000000024       0x24 build/default/debug/mcc_generated_files/system/src/interrupt.o
 .debug_frame   0x0000000000000048       0x44 build/default/debug/mcc_generated_files/system/src/clock.o
 .debug_frame   0x000000000000008c      0x160 build/default/debug/mcc_generated_files/system/src/pins.o
 .debug_frame   0x00000000000001ec      0x11c build/default/debug/mcc_generated_files/timer/src/tcb0.o
 .debug_frame   0x0000000000000308      0x194 build/default/debug/mcc_generated_files/uart/src/usart0.o
 .debug_frame   0x000000000000049c       0xf8 build/default/debug/main.o

.debug_str      0x0000000000000000      0xffb
 *(.debug_str)
 .debug_str     0x0000000000000000      0xefb D:/Program Files/Microchip/MPLABX/v6.20/packs/Microchip/AVR-Dx_DFP/2.4.286/xc8/avr/lib/avrxmega2/memx-const/mapped/crtavr64dd32.o
 .debug_str     0x0000000000000efb       0x5c build/default/debug/mcc_generated_files/system/src/system.o
 .debug_str     0x0000000000000f57       0x13 build/default/debug/mcc_generated_files/system/src/interrupt.o
 .debug_str     0x0000000000000f6a       0x13 build/default/debug/mcc_generated_files/system/src/clock.o
 .debug_str     0x0000000000000f7d        0x0 build/default/debug/mcc_generated_files/system/src/config_bits.o
 .debug_str     0x0000000000000f7d       0x30 build/default/debug/mcc_generated_files/system/src/pins.o
 .debug_str     0x0000000000000fad        0x0 build/default/debug/mcc_generated_files/timer/src/tcb0.o
 .debug_str     0x0000000000000fad       0x10 build/default/debug/mcc_generated_files/uart/src/usart0.o
 .debug_str     0x0000000000000fbd       0x3e build/default/debug/main.o

.debug_loc      0x0000000000000000      0x3b1
 *(.debug_loc)
 .debug_loc     0x0000000000000000       0x2a build/default/debug/mcc_generated_files/system/src/interrupt.o
 .debug_loc     0x000000000000002a      0x23b build/default/debug/mcc_generated_files/system/src/clock.o
 .debug_loc     0x0000000000000265       0x3a build/default/debug/mcc_generated_files/uart/src/usart0.o
 .debug_loc     0x000000000000029f      0x112 build/default/debug/main.o

.debug_macinfo
 *(.debug_macinfo)

.debug_weaknames
 *(.debug_weaknames)

.debug_funcnames
 *(.debug_funcnames)

.debug_typenames
 *(.debug_typenames)

.debug_varnames
 *(.debug_varnames)

.debug_pubtypes
 *(.debug_pubtypes)

.debug_ranges   0x0000000000000000      0x218
 *(.debug_ranges)
 .debug_ranges  0x0000000000000000       0x10 build/default/debug/mcc_generated_files/system/src/system.o
 .debug_ranges  0x0000000000000010       0x10 build/default/debug/mcc_generated_files/system/src/interrupt.o
 .debug_ranges  0x0000000000000020       0x20 build/default/debug/mcc_generated_files/system/src/clock.o
 .debug_ranges  0x0000000000000040       0x60 build/default/debug/mcc_generated_files/system/src/pins.o
 .debug_ranges  0x00000000000000a0       0x68 build/default/debug/mcc_generated_files/timer/src/tcb0.o
 .debug_ranges  0x0000000000000108       0xc8 build/default/debug/mcc_generated_files/uart/src/usart0.o
 .debug_ranges  0x00000000000001d0       0x48 build/default/debug/main.o

.debug_macro
 *(.debug_macro)
OUTPUT(dist/default/debug/lab1_timers.X.debug.elf elf32-avr)
LOAD linker stubs
LOAD data_init

.note.gnu.avr.deviceinfo
                0x0000000000000000       0x3c
 .note.gnu.avr.deviceinfo
                0x0000000000000000       0x3c D:/Program Files/Microchip/MPLABX/v6.20/packs/Microchip/AVR-Dx_DFP/2.4.286/xc8/avr/lib/avrxmega2/memx-const/mapped/crtavr64dd32.o

.bss.IO_PF5_InterruptHandler
                0x0000000000806079        0x2
 .bss.IO_PF5_InterruptHandler
                0x0000000000806079        0x2 build/default/debug/mcc_generated_files/system/src/pins.o

.bss.IO_PD4_InterruptHandler
                0x000000000080607b        0x2
 .bss.IO_PD4_InterruptHandler
                0x000000000080607b        0x2 build/default/debug/mcc_generated_files/system/src/pins.o

.bss.IO_PD5_InterruptHandler
                0x000000000080607d        0x2
 .bss.IO_PD5_InterruptHandler
                0x000000000080607d        0x2 build/default/debug/mcc_generated_files/system/src/pins.o

.bss.TCB0_CAPT_cb
                0x000000000080607f        0x2
 .bss.TCB0_CAPT_cb
                0x000000000080607f        0x2 build/default/debug/mcc_generated_files/timer/src/tcb0.o

.bss.USART0_ParityErrorHandler
                0x0000000000806081        0x2
 .bss.USART0_ParityErrorHandler
                0x0000000000806081        0x2 build/default/debug/mcc_generated_files/uart/src/usart0.o

.bss.USART0_OverrunErrorHandler
                0x0000000000806083        0x2
 .bss.USART0_OverrunErrorHandler
                0x0000000000806083        0x2 build/default/debug/mcc_generated_files/uart/src/usart0.o

.bss.USART0_FramingErrorHandler
                0x0000000000806085        0x2
 .bss.USART0_FramingErrorHandler
                0x0000000000806085        0x2 build/default/debug/mcc_generated_files/uart/src/usart0.o

.bss.usart0RxLastError
                0x0000000000806087        0x2
 .bss.usart0RxLastError
                0x0000000000806087        0x2 build/default/debug/mcc_generated_files/uart/src/usart0.o

.bss.loop_count.4861
                0x0000000000806089        0x2
 .bss.loop_count.4861
                0x0000000000806089        0x2 build/default/debug/main.o

.bss.spinlock.4840
                0x000000000080608b        0x2
 .bss.spinlock.4840
                0x000000000080608b        0x2 build/default/debug/main.o

.bss.timer      0x0000000000806075        0x4
 .bss.timer     0x0000000000806075        0x4 build/default/debug/main.o
                0x0000000000806075                timer

.bss.uart_string
                0x0000000000806002       0x50
 .bss.uart_string
                0x0000000000806002       0x50 build/default/debug/main.o
                0x0000000000806002                uart_string

.rodata.UART0   0x0000000000808108       0x30 load address 0x0000000000000108
 .rodata.UART0  0x0000000000808108       0x30 build/default/debug/mcc_generated_files/uart/src/usart0.o
                0x0000000000808108                UART0

.rodata         0x0000000000808138       0x2a load address 0x0000000000000138
 .rodata        0x0000000000808138       0x2a build/default/debug/main.o

.rodata.Timer0  0x0000000000808162       0x16 load address 0x0000000000000162
 .rodata.Timer0
                0x0000000000808162       0x16 build/default/debug/mcc_generated_files/timer/src/tcb0.o
                0x0000000000808162                Timer0

.text.vfpfcnvrt
                0x0000000000000178      0x3fc
 .text.vfpfcnvrt
                0x0000000000000178      0x3fc d:/program files/microchip/xc8/v3.00/avr/bin/../lib/gcc/avr/5.4.0/../../../../avr/lib/avrxmega2/memx-const/mapped\libc.a(__printf_core.o)
                0x0000000000000178                vfpfcnvrt

.text.__fmt_x   0x0000000000000574      0x1dc
 .text.__fmt_x  0x0000000000000574      0x1dc d:/program files/microchip/xc8/v3.00/avr/bin/../lib/gcc/avr/5.4.0/../../../../avr/lib/avrxmega2/memx-const/mapped\libc.a(__fmt_x.o)
                0x0000000000000574                __fmt_x_needed
                0x0000000000000574                __fmt_x

.text.__fmt_d   0x0000000000000750       0xe4
 .text.__fmt_d  0x0000000000000750       0xe4 d:/program files/microchip/xc8/v3.00/avr/bin/../lib/gcc/avr/5.4.0/../../../../avr/lib/avrxmega2/memx-const/mapped\libc.a(__fmt_d.o)
                0x0000000000000750                __fmt_d
                0x0000000000000750                __fmt_d_needed

.text.PIN_MANAGER_Initialize
                0x0000000000000834       0xd6
 .text.PIN_MANAGER_Initialize
                0x0000000000000834       0xd6 build/default/debug/mcc_generated_files/system/src/pins.o
                0x0000000000000834                PIN_MANAGER_Initialize

.text.__pop_int
                0x000000000000090a       0xd0
 .text.__pop_int
                0x000000000000090a       0xd0 d:/program files/microchip/xc8/v3.00/avr/bin/../lib/gcc/avr/5.4.0/../../../../avr/lib/avrxmega2/memx-const/mapped\libc.a(__pop_int.o)
                0x000000000000090a                __pop_int_needed
                0x000000000000090a                __pop_int

.text.__cvt_u   0x00000000000009da       0xca
 .text.__cvt_u  0x00000000000009da       0xca d:/program files/microchip/xc8/v3.00/avr/bin/../lib/gcc/avr/5.4.0/../../../../avr/lib/avrxmega2/memx-const/mapped\libc.a(__fmt_u.o)
                0x00000000000009da                __cvt_u

.text.__fmt_o   0x0000000000000aa4       0xb2
 .text.__fmt_o  0x0000000000000aa4       0xb2 d:/program files/microchip/xc8/v3.00/avr/bin/../lib/gcc/avr/5.4.0/../../../../avr/lib/avrxmega2/memx-const/mapped\libc.a(__fmt_o.o)
                0x0000000000000aa4                __fmt_o
                0x0000000000000aa4                __fmt_o_needed

.text.fputc     0x0000000000000b56       0x98
 .text.fputc    0x0000000000000b56       0x98 d:/program files/microchip/xc8/v3.00/avr/bin/../lib/gcc/avr/5.4.0/../../../../avr/lib/avrxmega2/memx-const/mapped\libc.a(fputc.o)
                0x0000000000000b56                fputc
                0x0000000000000b56                putc

.text.CLOCK_Initialize
                0x0000000000000bee       0x90
 .text.CLOCK_Initialize
                0x0000000000000bee       0x90 build/default/debug/mcc_generated_files/system/src/clock.o
                0x0000000000000bee                CLOCK_Initialize

.text.UART_WriteString
                0x0000000000000c7e       0x90
 .text.UART_WriteString
                0x0000000000000c7e       0x90 build/default/debug/main.o
                0x0000000000000c7e                UART_WriteString

.text.__fmt_u   0x0000000000000d0e       0x8e
 .text.__fmt_u  0x0000000000000d0e       0x8e d:/program files/microchip/xc8/v3.00/avr/bin/../lib/gcc/avr/5.4.0/../../../../avr/lib/avrxmega2/memx-const/mapped\libc.a(__fmt_u.o)
                0x0000000000000d0e                __fmt_u_needed
                0x0000000000000d0e                __fmt_u

.text.__printf_core
                0x0000000000000d9c       0x78
 .text.__printf_core
                0x0000000000000d9c       0x78 d:/program files/microchip/xc8/v3.00/avr/bin/../lib/gcc/avr/5.4.0/../../../../avr/lib/avrxmega2/memx-const/mapped\libc.a(__printf_core.o)
                0x0000000000000d9c                __printf_core

.text.__vsnprintf
                0x0000000000000e14       0x74
 .text.__vsnprintf
                0x0000000000000e14       0x74 d:/program files/microchip/xc8/v3.00/avr/bin/../lib/gcc/avr/5.4.0/../../../../avr/lib/avrxmega2/memx-const/mapped\libc.a(__int_vsnprintf.o)
                0x0000000000000e14                __vsnprintf

.text.USART0_ErrorGet
                0x0000000000000e88       0x72
 .text.USART0_ErrorGet
                0x0000000000000e88       0x72 build/default/debug/mcc_generated_files/uart/src/usart0.o
                0x0000000000000e88                USART0_ErrorGet

.text.__pad     0x0000000000000efa       0x72
 .text.__pad    0x0000000000000efa       0x72 d:/program files/microchip/xc8/v3.00/avr/bin/../lib/gcc/avr/5.4.0/../../../../avr/lib/avrxmega2/memx-const/mapped\libc.a(__printf_core.o)
                0x0000000000000efa                __pad

.text.__vector_24
                0x0000000000000f6c       0x64
 .text.__vector_24
                0x0000000000000f6c       0x64 build/default/debug/mcc_generated_files/system/src/pins.o
                0x0000000000000f6c                __vector_24

.text.__vector_14
                0x0000000000000fd0       0x60
 .text.__vector_14
                0x0000000000000fd0       0x60 build/default/debug/mcc_generated_files/timer/src/tcb0.o
                0x0000000000000fd0                __vector_14

.text.read_prec_or_width
                0x0000000000001030       0x5c
 .text.read_prec_or_width
                0x0000000000001030       0x5c d:/program files/microchip/xc8/v3.00/avr/bin/../lib/gcc/avr/5.4.0/../../../../avr/lib/avrxmega2/memx-const/mapped\libc.a(__printf_core.o)

.text.__vector_34
                0x000000000000108c       0x56
 .text.__vector_34
                0x000000000000108c       0x56 build/default/debug/mcc_generated_files/system/src/pins.o
                0x000000000000108c                __vector_34

.text.__fmt_s   0x00000000000010e2       0x54
 .text.__fmt_s  0x00000000000010e2       0x54 d:/program files/microchip/xc8/v3.00/avr/bin/../lib/gcc/avr/5.4.0/../../../../avr/lib/avrxmega2/memx-const/mapped\libc.a(__fmt_s.o)
                0x00000000000010e2                __fmt_s
                0x00000000000010e2                __fmt_0_needed
                0x00000000000010e2                __fmt_s_needed

.text.non_blocking
                0x0000000000001136       0x52
 .text.non_blocking
                0x0000000000001136       0x52 build/default/debug/main.o
                0x0000000000001136                non_blocking

.text.USART0_Initialize
                0x0000000000001188       0x4c
 .text.USART0_Initialize
                0x0000000000001188       0x4c build/default/debug/mcc_generated_files/uart/src/usart0.o
                0x0000000000001188                USART0_Initialize

.text.libgcc.div
                0x00000000000011d4       0x44
 .text.libgcc.div
                0x00000000000011d4       0x44 d:/program files/microchip/xc8/v3.00/avr/bin/../lib/gcc/avr/5.4.0/avrxmega2/memx-const/mapped\libgcc.a(_udivmodsi4.o)
                0x00000000000011d4                __udivmodsi4

.text.__fmt_state
                0x0000000000001218       0x40
 .text.__fmt_state
                0x0000000000001218       0x40 d:/program files/microchip/xc8/v3.00/avr/bin/../lib/gcc/avr/5.4.0/../../../../avr/lib/avrxmega2/memx-const/mapped\libc.a(__printf_core.o)
                0x0000000000001218                __fmt_state

.text.__out     0x0000000000001258       0x3a
 .text.__out    0x0000000000001258       0x3a d:/program files/microchip/xc8/v3.00/avr/bin/../lib/gcc/avr/5.4.0/../../../../avr/lib/avrxmega2/memx-const/mapped\libc.a(__printf_core.o)
                0x0000000000001258                __out

.text.main      0x0000000000001292       0x38
 .text.main     0x0000000000001292       0x38 build/default/debug/main.o
                0x0000000000001292                main

.text.TCB0_Initialize
                0x00000000000012ca       0x32
 .text.TCB0_Initialize
                0x00000000000012ca       0x32 build/default/debug/mcc_generated_files/timer/src/tcb0.o
                0x00000000000012ca                TCB0_Initialize

.text.libgcc.prologue
                0x00000000000012fc       0x32
 .text.libgcc.prologue
                0x00000000000012fc       0x32 d:/program files/microchip/xc8/v3.00/avr/bin/../lib/gcc/avr/5.4.0/avrxmega2/memx-const/mapped\libgcc.a(_prologue.o)
                0x00000000000012fc                __prologue_saves__

.text.__vfprintf
                0x000000000000132e       0x30
 .text.__vfprintf
                0x000000000000132e       0x30 d:/program files/microchip/xc8/v3.00/avr/bin/../lib/gcc/avr/5.4.0/../../../../avr/lib/avrxmega2/memx-const/mapped\libc.a(__int_vfprintf.o)
                0x000000000000132e                __vfprintf

.text.libgcc.prologue
                0x000000000000135e       0x30
 .text.libgcc.prologue
                0x000000000000135e       0x30 d:/program files/microchip/xc8/v3.00/avr/bin/../lib/gcc/avr/5.4.0/avrxmega2/memx-const/mapped\libgcc.a(_epilogue.o)
                0x000000000000135e                __epilogue_restores__

.text.tcb_softtimer
                0x000000000000138e       0x2c
 .text.tcb_softtimer
                0x000000000000138e       0x2c build/default/debug/main.o
                0x000000000000138e                tcb_softtimer

.text.blink_led
                0x00000000000013ba       0x2c
 .text.blink_led
                0x00000000000013ba       0x2c build/default/debug/main.o
                0x00000000000013ba                blink_led

.text.USART0_AutoBaudSet
                0x00000000000013e6       0x28
 .text.USART0_AutoBaudSet
                0x00000000000013e6       0x28 build/default/debug/mcc_generated_files/uart/src/usart0.o
                0x00000000000013e6                USART0_AutoBaudSet

.text.TCB0_Deinitialize
                0x000000000000140e       0x24
 .text.TCB0_Deinitialize
                0x000000000000140e       0x24 build/default/debug/mcc_generated_files/timer/src/tcb0.o
                0x000000000000140e                TCB0_Deinitialize

.text.__wrap_sprintf
                0x0000000000001432       0x24
 .text.__wrap_sprintf
                0x0000000000001432       0x24 d:/program files/microchip/xc8/v3.00/avr/bin/../lib/gcc/avr/5.4.0/../../../../avr/lib/avrxmega2/memx-const/mapped\libc.a(__sio_sprintf_doux.o)
                0x0000000000001432                _sprintf_cdopuxX

.text.strlen    0x0000000000001456       0x1c
 .text.strlen   0x0000000000001456       0x1c d:/program files/microchip/xc8/v3.00/avr/bin/../lib/gcc/avr/5.4.0/../../../../avr/lib/avrxmega2/memx-const/mapped\libc.a(strlen.o)
                0x0000000000001456                strlen

.text.CPUINT_Initialize
                0x0000000000001472       0x1a
 .text.CPUINT_Initialize
                0x0000000000001472       0x1a build/default/debug/mcc_generated_files/system/src/interrupt.o
                0x0000000000001472                CPUINT_Initialize

.text.USART0_Deinitialize
                0x000000000000148c       0x18
 .text.USART0_Deinitialize
                0x000000000000148c       0x18 build/default/debug/mcc_generated_files/uart/src/usart0.o
                0x000000000000148c                USART0_Deinitialize

.text.SYSTEM_Initialize
                0x00000000000014a4       0x16
 .text.SYSTEM_Initialize
                0x00000000000014a4       0x16 build/default/debug/mcc_generated_files/system/src/system.o
                0x00000000000014a4                SYSTEM_Initialize

.text.read_timer
                0x00000000000014ba       0x16
 .text.read_timer
                0x00000000000014ba       0x16 build/default/debug/main.o
                0x00000000000014ba                read_timer

.text.clear_timer
                0x00000000000014d0       0x16
 .text.clear_timer
                0x00000000000014d0       0x16 build/default/debug/main.o
                0x00000000000014d0                clear_timer

.text.exit      0x00000000000014e6       0x16
 .text.exit     0x00000000000014e6       0x16 d:/program files/microchip/xc8/v3.00/avr/bin/../lib/gcc/avr/5.4.0/../../../../avr/lib/avrxmega2/memx-const/mapped\libc.a(exit.o)
                0x00000000000014e6                exit

.text.toupper   0x00000000000014fc       0x12
 .text.toupper  0x00000000000014fc       0x12 d:/program files/microchip/xc8/v3.00/avr/bin/../lib/gcc/avr/5.4.0/../../../../avr/lib/avrxmega2/memx-const/mapped\libc.a(toupper.o)
                0x00000000000014fc                toupper

.text.tolower   0x000000000000150e       0x10
 .text.tolower  0x000000000000150e       0x10 d:/program files/microchip/xc8/v3.00/avr/bin/../lib/gcc/avr/5.4.0/../../../../avr/lib/avrxmega2/memx-const/mapped\libc.a(tolower.o)
                0x000000000000150e                tolower

.text.TCB0_CounterGet
                0x000000000000151e        0xe
 .text.TCB0_CounterGet
                0x000000000000151e        0xe build/default/debug/mcc_generated_files/timer/src/tcb0.o
                0x000000000000151e                TCB0_CounterGet

.text.TCB0_PeriodGet
                0x000000000000152c        0xe
 .text.TCB0_PeriodGet
                0x000000000000152c        0xe build/default/debug/mcc_generated_files/timer/src/tcb0.o
                0x000000000000152c                TCB0_PeriodGet

.text.USART0_FramingErrorCallbackRegister
                0x000000000000153a        0xe
 .text.USART0_FramingErrorCallbackRegister
                0x000000000000153a        0xe build/default/debug/mcc_generated_files/uart/src/usart0.o
                0x000000000000153a                USART0_FramingErrorCallbackRegister

.text.USART0_OverrunErrorCallbackRegister
                0x0000000000001548        0xe
 .text.USART0_OverrunErrorCallbackRegister
                0x0000000000001548        0xe build/default/debug/mcc_generated_files/uart/src/usart0.o
                0x0000000000001548                USART0_OverrunErrorCallbackRegister

.text.USART0_ParityErrorCallbackRegister
                0x0000000000001556        0xe
 .text.USART0_ParityErrorCallbackRegister
                0x0000000000001556        0xe build/default/debug/mcc_generated_files/uart/src/usart0.o
                0x0000000000001556                USART0_ParityErrorCallbackRegister

.text.__vsprintf
                0x0000000000001564        0xe
 .text.__vsprintf
                0x0000000000001564        0xe d:/program files/microchip/xc8/v3.00/avr/bin/../lib/gcc/avr/5.4.0/../../../../avr/lib/avrxmega2/memx-const/mapped\libc.a(__int_vsprintf.o)
                0x0000000000001564                __vsprintf

.text.TCB0_Start
                0x0000000000001572        0xc
 .text.TCB0_Start
                0x0000000000001572        0xc build/default/debug/mcc_generated_files/timer/src/tcb0.o
                0x0000000000001572                TCB0_Start

.text.TCB0_Stop
                0x000000000000157e        0xc
 .text.TCB0_Stop
                0x000000000000157e        0xc build/default/debug/mcc_generated_files/timer/src/tcb0.o
                0x000000000000157e                TCB0_Stop

.text.USART0_TransmitEnable
                0x000000000000158a        0xc
 .text.USART0_TransmitEnable
                0x000000000000158a        0xc build/default/debug/mcc_generated_files/uart/src/usart0.o
                0x000000000000158a                USART0_TransmitEnable

.text.USART0_TransmitDisable
                0x0000000000001596        0xc
 .text.USART0_TransmitDisable
                0x0000000000001596        0xc build/default/debug/mcc_generated_files/uart/src/usart0.o
                0x0000000000001596                USART0_TransmitDisable

.text.USART0_IsRxReady
                0x00000000000015a2        0xc
 .text.USART0_IsRxReady
                0x00000000000015a2        0xc build/default/debug/mcc_generated_files/uart/src/usart0.o
                0x00000000000015a2                USART0_IsRxReady

.text.USART0_IsTxReady
                0x00000000000015ae        0xc
 .text.USART0_IsTxReady
                0x00000000000015ae        0xc build/default/debug/mcc_generated_files/uart/src/usart0.o
                0x00000000000015ae                USART0_IsTxReady

.text.USART0_IsTxDone
                0x00000000000015ba        0xc
 .text.USART0_IsTxDone
                0x00000000000015ba        0xc build/default/debug/mcc_generated_files/uart/src/usart0.o
                0x00000000000015ba                USART0_IsTxDone

.text.__vector_8
                0x00000000000015c6        0xa
 .text.__vector_8
                0x00000000000015c6        0xa build/default/debug/mcc_generated_files/system/src/pins.o
                0x00000000000015c6                __vector_8

.text.__vector_29
                0x00000000000015d0        0xa
 .text.__vector_29
                0x00000000000015d0        0xa build/default/debug/mcc_generated_files/system/src/pins.o
                0x00000000000015d0                __vector_29

.text.TCB0_CounterSet
                0x00000000000015da        0xa
 .text.TCB0_CounterSet
                0x00000000000015da        0xa build/default/debug/mcc_generated_files/timer/src/tcb0.o
                0x00000000000015da                TCB0_CounterSet

.text.TCB0_PeriodSet
                0x00000000000015e4        0xa
 .text.TCB0_PeriodSet
                0x00000000000015e4        0xa build/default/debug/mcc_generated_files/timer/src/tcb0.o
                0x00000000000015e4                TCB0_PeriodSet

.text.TCB0_MaxCountGet
                0x00000000000015ee        0xa
 .text.TCB0_MaxCountGet
                0x00000000000015ee        0xa build/default/debug/mcc_generated_files/timer/src/tcb0.o
                0x00000000000015ee                TCB0_MaxCountGet

.text.TCB0_CaptureCallbackRegister
                0x00000000000015f8        0xa
 .text.TCB0_CaptureCallbackRegister
                0x00000000000015f8        0xa build/default/debug/mcc_generated_files/timer/src/tcb0.o
                0x00000000000015f8                TCB0_CaptureCallbackRegister

.text.USART0_AutoBaudQuery
                0x0000000000001602        0xa
 .text.USART0_AutoBaudQuery
                0x0000000000001602        0xa build/default/debug/mcc_generated_files/uart/src/usart0.o
                0x0000000000001602                USART0_AutoBaudQuery

.text.protected_write_io
                0x000000000000160c        0x8
 .text.protected_write_io
                0x000000000000160c        0x8 build/default/debug/mcc_generated_files/system/src/protected_io.o
                0x000000000000160c                protected_write_io

.text.USART0_Read
                0x0000000000001614        0x6
 .text.USART0_Read
                0x0000000000001614        0x6 build/default/debug/mcc_generated_files/uart/src/usart0.o
                0x0000000000001614                USART0_Read

.text.USART0_Write
                0x000000000000161a        0x6
 .text.USART0_Write
                0x000000000000161a        0x6 build/default/debug/mcc_generated_files/uart/src/usart0.o
                0x000000000000161a                USART0_Write

.text           0x0000000000001620        0x4
 .text          0x0000000000001620        0x4 D:/Program Files/Microchip/MPLABX/v6.20/packs/Microchip/AVR-Dx_DFP/2.4.286/xc8/avr/lib/avrxmega2/memx-const/mapped/crtavr64dd32.o
                0x0000000000001620                __vector_22
                0x0000000000001620                __vector_28
                0x0000000000001620                __vector_1
                0x0000000000001620                __vector_32
                0x0000000000001620                __vector_12
                0x0000000000001620                __bad_interrupt
                0x0000000000001620                __vector_6
                0x0000000000001620                __vector_31
                0x0000000000001620                __vector_35
                0x0000000000001620                __vector_3
                0x0000000000001620                __vector_23
                0x0000000000001620                __vector_30
                0x0000000000001620                __vector_25
                0x0000000000001620                __vector_11
                0x0000000000001620                __vector_13
                0x0000000000001620                __vector_17
                0x0000000000001620                __vector_19
                0x0000000000001620                __vector_7
                0x0000000000001620                __vector_27
                0x0000000000001620                __vector_5
                0x0000000000001620                __vector_33
                0x0000000000001620                __vector_4
                0x0000000000001620                __vector_9
                0x0000000000001620                __vector_2
                0x0000000000001620                __vector_21
                0x0000000000001620                __vector_15
                0x0000000000001620                __vector_26
                0x0000000000001620                __vector_10
                0x0000000000001620                __vector_16
                0x0000000000001620                __vector_18
                0x0000000000001620                __vector_20

.text._Exit     0x0000000000001624        0x4
 .text._Exit    0x0000000000001624        0x4 d:/program files/microchip/xc8/v3.00/avr/bin/../lib/gcc/avr/5.4.0/../../../../avr/lib/avrxmega2/memx-const/mapped\libc.a(_Exit.o)
                0x0000000000001624                _Exit

.text.IO_PD5_DefaultInterruptHandler
                0x0000000000001628        0x2
 .text.IO_PD5_DefaultInterruptHandler
                0x0000000000001628        0x2 build/default/debug/mcc_generated_files/system/src/pins.o
                0x0000000000001628                IO_PD5_DefaultInterruptHandler

.text.IO_PD4_DefaultInterruptHandler
                0x000000000000162a        0x2
 .text.IO_PD4_DefaultInterruptHandler
                0x000000000000162a        0x2 build/default/debug/mcc_generated_files/system/src/pins.o
                0x000000000000162a                IO_PD4_DefaultInterruptHandler

.text.IO_PF5_DefaultInterruptHandler
                0x000000000000162c        0x2
 .text.IO_PF5_DefaultInterruptHandler
                0x000000000000162c        0x2 build/default/debug/mcc_generated_files/system/src/pins.o
                0x000000000000162c                IO_PF5_DefaultInterruptHandler

.text.TCB0_DefaultCaptureCallback
                0x000000000000162e        0x2
 .text.TCB0_DefaultCaptureCallback
                0x000000000000162e        0x2 build/default/debug/mcc_generated_files/timer/src/tcb0.o

.text.USART0_DefaultFramingErrorCallback
                0x0000000000001630        0x2
 .text.USART0_DefaultFramingErrorCallback
                0x0000000000001630        0x2 build/default/debug/mcc_generated_files/uart/src/usart0.o

.text.USART0_DefaultOverrunErrorCallback
                0x0000000000001632        0x2
 .text.USART0_DefaultOverrunErrorCallback
                0x0000000000001632        0x2 build/default/debug/mcc_generated_files/uart/src/usart0.o

.text.USART0_DefaultParityErrorCallback
                0x0000000000001634        0x2
 .text.USART0_DefaultParityErrorCallback
                0x0000000000001634        0x2 build/default/debug/mcc_generated_files/uart/src/usart0.o

.text.__dummy_fini
                0x0000000000001636        0x2
 .text.__dummy_fini
                0x0000000000001636        0x2 d:/program files/microchip/xc8/v3.00/avr/bin/../lib/gcc/avr/5.4.0/../../../../avr/lib/avrxmega2/memx-const/mapped\libc.a(exit.o)
                0x0000000000001636                _fini

.text.__dummy_funcs_on_exit
                0x0000000000001638        0x2
 .text.__dummy_funcs_on_exit
                0x0000000000001638        0x2 d:/program files/microchip/xc8/v3.00/avr/bin/../lib/gcc/avr/5.4.0/../../../../avr/lib/avrxmega2/memx-const/mapped\libc.a(exit.o)
                0x0000000000001638                __funcs_on_exit

.text.__dummy_simulator_exit
                0x000000000000163a        0x2
 .text.__dummy_simulator_exit
                0x000000000000163a        0x2 d:/program files/microchip/xc8/v3.00/avr/bin/../lib/gcc/avr/5.4.0/../../../../avr/lib/avrxmega2/memx-const/mapped\libc.a(exit.o)
                0x000000000000163a                __simulator_exit

.rodata.state_table
                0x0000000000806052       0x16 load address 0x000000000000163c
 .rodata.state_table
                0x0000000000806052       0x16 d:/program files/microchip/xc8/v3.00/avr/bin/../lib/gcc/avr/5.4.0/../../../../avr/lib/avrxmega2/memx-const/mapped\libc.a(__printf_core.o)

.rodata.nuls.2781
                0x0000000000806068        0x7 load address 0x0000000000001652
 .rodata.nuls.2781
                0x0000000000806068        0x7 d:/program files/microchip/xc8/v3.00/avr/bin/../lib/gcc/avr/5.4.0/../../../../avr/lib/avrxmega2/memx-const/mapped\libc.a(__fmt_s.o)

.rodata.nilstr.2962
                0x000000000080606f        0x6 load address 0x0000000000001659
 .rodata.nilstr.2962
                0x000000000080606f        0x6 d:/program files/microchip/xc8/v3.00/avr/bin/../lib/gcc/avr/5.4.0/../../../../avr/lib/avrxmega2/memx-const/mapped\libc.a(__printf_core.o)
